main.c:89:5:main	88	static
main.c:178:6:SystemClock_Config	88	static
main.c:224:13:MX_RTC_Init	8	static
main.c:254:13:MX_SPI1_Init	8	static
main.c:290:13:MX_DMA_Init	16	static
main.c:311:13:MX_GPIO_Init	40	static
main.c:392:6:Reset	8	static
main.c:398:6:Oversampling	8	static
main.c:405:6:Range	4	static
main.c:410:6:Converst	8	static
main.c:416:7:Read	16	static
main.c:449:6:HAL_GPIO_EXTI_Callback	16	static
main.c:459:6:vAFunction	16	static
main.c:471:6:vA_send_Function	24	static
main.c:483:6:vA_receive_Function	16	static
main.c:508:6:StartEnviaTask	16	static
main.c:529:6:StartAquisitaTask	16	static
main.c:554:6:HAL_TIM_PeriodElapsedCallback	16	static
main.c:571:6:Error_Handler	4	static
