Archive member included to satisfy reference by file (symbol)

c:/st/stm32cubeide_1.3.0/stm32cubeide/plugins/com.st.stm32cube.ide.mcu.externaltools.gnu-tools-for-stm32.7-2018-q2-update.win32_1.0.0.201904181610/tools/bin/../lib/gcc/arm-none-eabi/7.3.1/../../../../arm-none-eabi/lib/thumb/v7-m\libc_nano.a(lib_a-errno.o)
                              Core/Src/syscalls.o (__errno)
c:/st/stm32cubeide_1.3.0/stm32cubeide/plugins/com.st.stm32cube.ide.mcu.externaltools.gnu-tools-for-stm32.7-2018-q2-update.win32_1.0.0.201904181610/tools/bin/../lib/gcc/arm-none-eabi/7.3.1/../../../../arm-none-eabi/lib/thumb/v7-m\libc_nano.a(lib_a-exit.o)
                              c:/st/stm32cubeide_1.3.0/stm32cubeide/plugins/com.st.stm32cube.ide.mcu.externaltools.gnu-tools-for-stm32.7-2018-q2-update.win32_1.0.0.201904181610/tools/bin/../lib/gcc/arm-none-eabi/7.3.1/../../../../arm-none-eabi/lib/thumb/v7-m/crt0.o (exit)
c:/st/stm32cubeide_1.3.0/stm32cubeide/plugins/com.st.stm32cube.ide.mcu.externaltools.gnu-tools-for-stm32.7-2018-q2-update.win32_1.0.0.201904181610/tools/bin/../lib/gcc/arm-none-eabi/7.3.1/../../../../arm-none-eabi/lib/thumb/v7-m\libc_nano.a(lib_a-impure.o)
                              c:/st/stm32cubeide_1.3.0/stm32cubeide/plugins/com.st.stm32cube.ide.mcu.externaltools.gnu-tools-for-stm32.7-2018-q2-update.win32_1.0.0.201904181610/tools/bin/../lib/gcc/arm-none-eabi/7.3.1/../../../../arm-none-eabi/lib/thumb/v7-m\libc_nano.a(lib_a-exit.o) (_global_impure_ptr)
c:/st/stm32cubeide_1.3.0/stm32cubeide/plugins/com.st.stm32cube.ide.mcu.externaltools.gnu-tools-for-stm32.7-2018-q2-update.win32_1.0.0.201904181610/tools/bin/../lib/gcc/arm-none-eabi/7.3.1/../../../../arm-none-eabi/lib/thumb/v7-m\libc_nano.a(lib_a-init.o)
                              c:/st/stm32cubeide_1.3.0/stm32cubeide/plugins/com.st.stm32cube.ide.mcu.externaltools.gnu-tools-for-stm32.7-2018-q2-update.win32_1.0.0.201904181610/tools/bin/../lib/gcc/arm-none-eabi/7.3.1/../../../../arm-none-eabi/lib/thumb/v7-m/crt0.o (__libc_init_array)
c:/st/stm32cubeide_1.3.0/stm32cubeide/plugins/com.st.stm32cube.ide.mcu.externaltools.gnu-tools-for-stm32.7-2018-q2-update.win32_1.0.0.201904181610/tools/bin/../lib/gcc/arm-none-eabi/7.3.1/../../../../arm-none-eabi/lib/thumb/v7-m\libc_nano.a(lib_a-memcpy-stub.o)
                              Middlewares/FreeRTOS/queue.o (memcpy)
c:/st/stm32cubeide_1.3.0/stm32cubeide/plugins/com.st.stm32cube.ide.mcu.externaltools.gnu-tools-for-stm32.7-2018-q2-update.win32_1.0.0.201904181610/tools/bin/../lib/gcc/arm-none-eabi/7.3.1/../../../../arm-none-eabi/lib/thumb/v7-m\libc_nano.a(lib_a-memset.o)
                              c:/st/stm32cubeide_1.3.0/stm32cubeide/plugins/com.st.stm32cube.ide.mcu.externaltools.gnu-tools-for-stm32.7-2018-q2-update.win32_1.0.0.201904181610/tools/bin/../lib/gcc/arm-none-eabi/7.3.1/../../../../arm-none-eabi/lib/thumb/v7-m/crt0.o (memset)

Allocating common symbols
Common symbol       size              file

xStreamBuffer       0x4               Core/Src/main.o
enviaTaskHandle     0x4               Core/Src/main.o
uwTick              0x4               Drivers/STM32F1xx_HAL_Driver/stm32f1xx_hal.o
xQueueRegistry      0x40              Middlewares/FreeRTOS/queue.o
pFlash              0x20              Drivers/STM32F1xx_HAL_Driver/stm32f1xx_hal_flash.o
habENVHandle        0x4               Core/Src/main.o
aquisitaTaskHandle  0x4               Core/Src/main.o
hrtc                0x14              Core/Src/main.o
hspi1               0x58              Core/Src/main.o
htim2               0x40              Core/Src/stm32f1xx_hal_timebase_tim.o
habAQHandle         0x4               Core/Src/main.o
hdma_spi1_rx        0x44              Core/Src/main.o
hdma_spi1_tx        0x44              Core/Src/main.o

Discarded input sections

 .text          0x0000000000000000        0x0 c:/st/stm32cubeide_1.3.0/stm32cubeide/plugins/com.st.stm32cube.ide.mcu.externaltools.gnu-tools-for-stm32.7-2018-q2-update.win32_1.0.0.201904181610/tools/bin/../lib/gcc/arm-none-eabi/7.3.1/thumb/v7-m/crti.o
 .data          0x0000000000000000        0x0 c:/st/stm32cubeide_1.3.0/stm32cubeide/plugins/com.st.stm32cube.ide.mcu.externaltools.gnu-tools-for-stm32.7-2018-q2-update.win32_1.0.0.201904181610/tools/bin/../lib/gcc/arm-none-eabi/7.3.1/thumb/v7-m/crti.o
 .bss           0x0000000000000000        0x0 c:/st/stm32cubeide_1.3.0/stm32cubeide/plugins/com.st.stm32cube.ide.mcu.externaltools.gnu-tools-for-stm32.7-2018-q2-update.win32_1.0.0.201904181610/tools/bin/../lib/gcc/arm-none-eabi/7.3.1/thumb/v7-m/crti.o
 .data          0x0000000000000000        0x4 c:/st/stm32cubeide_1.3.0/stm32cubeide/plugins/com.st.stm32cube.ide.mcu.externaltools.gnu-tools-for-stm32.7-2018-q2-update.win32_1.0.0.201904181610/tools/bin/../lib/gcc/arm-none-eabi/7.3.1/thumb/v7-m/crtbegin.o
[...]
Memory Configuration

Name             Origin             Length             Attributes
RAM              0x0000000020000000 0x0000000000005000 xrw
FLASH            0x0000000008000000 0x0000000000010000 xr
*default*        0x0000000000000000 0xffffffffffffffff

Linker script and memory map

LOAD c:/st/stm32cubeide_1.3.0/stm32cubeide/plugins/com.st.stm32cube.ide.mcu.externaltools.gnu-tools-for-stm32.7-2018-q2-update.win32_1.0.0.201904181610/tools/bin/../lib/gcc/arm-none-eabi/7.3.1/thumb/v7-m/crti.o
LOAD c:/st/stm32cubeide_1.3.0/stm32cubeide/plugins/com.st.stm32cube.ide.mcu.externaltools.gnu-tools-for-stm32.7-2018-q2-update.win32_1.0.0.201904181610/tools/bin/../lib/gcc/arm-none-eabi/7.3.1/thumb/v7-m/crtbegin.o
LOAD c:/st/stm32cubeide_1.3.0/stm32cubeide/plugins/com.st.stm32cube.ide.mcu.externaltools.gnu-tools-for-stm32.7-2018-q2-update.win32_1.0.0.201904181610/tools/bin/../lib/gcc/arm-none-eabi/7.3.1/../../../../arm-none-eabi/lib/thumb/v7-m/crt0.o
LOAD Core/Src/freertos.o
LOAD Core/Src/main.o
LOAD Core/Src/stm32f1xx_hal_msp.o
LOAD Core/Src/stm32f1xx_hal_timebase_tim.o
LOAD Core/Src/stm32f1xx_it.o
LOAD Core/Src/syscalls.o
LOAD Core/Src/sysmem.o
LOAD Core/Src/system_stm32f1xx.o
LOAD Core/Startup/startup_stm32f103c8tx.o
LOAD Drivers/STM32F1xx_HAL_Driver/stm32f1xx_hal.o
LOAD Drivers/STM32F1xx_HAL_Driver/stm32f1xx_hal_cortex.o
LOAD Drivers/STM32F1xx_HAL_Driver/stm32f1xx_hal_dma.o
LOAD Drivers/STM32F1xx_HAL_Driver/stm32f1xx_hal_exti.o
LOAD Drivers/STM32F1xx_HAL_Driver/stm32f1xx_hal_flash.o
LOAD Drivers/STM32F1xx_HAL_Driver/stm32f1xx_hal_flash_ex.o
LOAD Drivers/STM32F1xx_HAL_Driver/stm32f1xx_hal_gpio.o
LOAD Drivers/STM32F1xx_HAL_Driver/stm32f1xx_hal_gpio_ex.o
LOAD Drivers/STM32F1xx_HAL_Driver/stm32f1xx_hal_pwr.o
LOAD Drivers/STM32F1xx_HAL_Driver/stm32f1xx_hal_rcc.o
LOAD Drivers/STM32F1xx_HAL_Driver/stm32f1xx_hal_rcc_ex.o
LOAD Drivers/STM32F1xx_HAL_Driver/stm32f1xx_hal_rtc.o
LOAD Drivers/STM32F1xx_HAL_Driver/stm32f1xx_hal_rtc_ex.o
LOAD Drivers/STM32F1xx_HAL_Driver/stm32f1xx_hal_spi.o
LOAD Drivers/STM32F1xx_HAL_Driver/stm32f1xx_hal_tim.o
LOAD Drivers/STM32F1xx_HAL_Driver/stm32f1xx_hal_tim_ex.o
LOAD Middlewares/FreeRTOS/cmsis_os.o
LOAD Middlewares/FreeRTOS/croutine.o
LOAD Middlewares/FreeRTOS/event_groups.o
LOAD Middlewares/FreeRTOS/heap_4.o
LOAD Middlewares/FreeRTOS/list.o
LOAD Middlewares/FreeRTOS/port.o
LOAD Middlewares/FreeRTOS/queue.o
LOAD Middlewares/FreeRTOS/stream_buffer.o
LOAD Middlewares/FreeRTOS/tasks.o
LOAD Middlewares/FreeRTOS/timers.o
START GROUP
LOAD c:/st/stm32cubeide_1.3.0/stm32cubeide/plugins/com.st.stm32cube.ide.mcu.externaltools.gnu-tools-for-stm32.7-2018-q2-update.win32_1.0.0.201904181610/tools/bin/../lib/gcc/arm-none-eabi/7.3.1/../../../../arm-none-eabi/lib/thumb/v7-m\libc_nano.a
LOAD c:/st/stm32cubeide_1.3.0/stm32cubeide/plugins/com.st.stm32cube.ide.mcu.externaltools.gnu-tools-for-stm32.7-2018-q2-update.win32_1.0.0.201904181610/tools/bin/../lib/gcc/arm-none-eabi/7.3.1/../../../../arm-none-eabi/lib/thumb/v7-m\libm.a
END GROUP
START GROUP
LOAD c:/st/stm32cubeide_1.3.0/stm32cubeide/plugins/com.st.stm32cube.ide.mcu.externaltools.gnu-tools-for-stm32.7-2018-q2-update.win32_1.0.0.201904181610/tools/bin/../lib/gcc/arm-none-eabi/7.3.1/thumb/v7-m\libgcc.a
LOAD c:/st/stm32cubeide_1.3.0/stm32cubeide/plugins/com.st.stm32cube.ide.mcu.externaltools.gnu-tools-for-stm32.7-2018-q2-update.win32_1.0.0.201904181610/tools/bin/../lib/gcc/arm-none-eabi/7.3.1/../../../../arm-none-eabi/lib/thumb/v7-m\libc_nano.a
END GROUP
START GROUP
LOAD c:/st/stm32cubeide_1.3.0/stm32cubeide/plugins/com.st.stm32cube.ide.mcu.externaltools.gnu-tools-for-stm32.7-2018-q2-update.win32_1.0.0.201904181610/tools/bin/../lib/gcc/arm-none-eabi/7.3.1/thumb/v7-m\libgcc.a
LOAD c:/st/stm32cubeide_1.3.0/stm32cubeide/plugins/com.st.stm32cube.ide.mcu.externaltools.gnu-tools-for-stm32.7-2018-q2-update.win32_1.0.0.201904181610/tools/bin/../lib/gcc/arm-none-eabi/7.3.1/../../../../arm-none-eabi/lib/thumb/v7-m\libc_nano.a
LOAD c:/st/stm32cubeide_1.3.0/stm32cubeide/plugins/com.st.stm32cube.ide.mcu.externaltools.gnu-tools-for-stm32.7-2018-q2-update.win32_1.0.0.201904181610/tools/bin/../lib/gcc/arm-none-eabi/7.3.1/../../../../arm-none-eabi/lib/thumb/v7-m\libnosys.a
END GROUP
START GROUP
LOAD c:/st/stm32cubeide_1.3.0/stm32cubeide/plugins/com.st.stm32cube.ide.mcu.externaltools.gnu-tools-for-stm32.7-2018-q2-update.win32_1.0.0.201904181610/tools/bin/../lib/gcc/arm-none-eabi/7.3.1/thumb/v7-m\libgcc.a
LOAD c:/st/stm32cubeide_1.3.0/stm32cubeide/plugins/com.st.stm32cube.ide.mcu.externaltools.gnu-tools-for-stm32.7-2018-q2-update.win32_1.0.0.201904181610/tools/bin/../lib/gcc/arm-none-eabi/7.3.1/../../../../arm-none-eabi/lib/thumb/v7-m\libc_nano.a
LOAD c:/st/stm32cubeide_1.3.0/stm32cubeide/plugins/com.st.stm32cube.ide.mcu.externaltools.gnu-tools-for-stm32.7-2018-q2-update.win32_1.0.0.201904181610/tools/bin/../lib/gcc/arm-none-eabi/7.3.1/../../../../arm-none-eabi/lib/thumb/v7-m\libnosys.a
END GROUP
LOAD c:/st/stm32cubeide_1.3.0/stm32cubeide/plugins/com.st.stm32cube.ide.mcu.externaltools.gnu-tools-for-stm32.7-2018-q2-update.win32_1.0.0.201904181610/tools/bin/../lib/gcc/arm-none-eabi/7.3.1/thumb/v7-m/crtend.o
LOAD c:/st/stm32cubeide_1.3.0/stm32cubeide/plugins/com.st.stm32cube.ide.mcu.externaltools.gnu-tools-for-stm32.7-2018-q2-update.win32_1.0.0.201904181610/tools/bin/../lib/gcc/arm-none-eabi/7.3.1/thumb/v7-m/crtn.o
                0x0000000020005000                _estack = (ORIGIN (RAM) + LENGTH (RAM))
                0x0000000000000200                _Min_Heap_Size = 0x200
                0x0000000000000400                _Min_Stack_Size = 0x400

.isr_vector     0x0000000008000000      0x10c
                0x0000000008000000                . = ALIGN (0x4)
 *(.isr_vector)
 .isr_vector    0x0000000008000000      0x10c Core/Startup/startup_stm32f103c8tx.o
                0x0000000008000000                g_pfnVectors
                0x000000000800010c                . = ALIGN (0x4)

.text           0x0000000008000110     0x5c64
                0x0000000008000110                . = ALIGN (0x4)
 *(.text)
 .text          0x0000000008000110       0x40 c:/st/stm32cubeide_1.3.0/stm32cubeide/plugins/com.st.stm32cube.ide.mcu.externaltools.gnu-tools-for-stm32.7-2018-q2-update.win32_1.0.0.201904181610/tools/bin/../lib/gcc/arm-none-eabi/7.3.1/thumb/v7-m/crtbegin.o
 *(.text*)
 .text.vApplicationGetIdleTaskMemory
                0x0000000008000150       0x30 Core/Src/freertos.o
                0x0000000008000150                vApplicationGetIdleTaskMemory
 .text.main     0x0000000008000180       0xb8 Core/Src/main.o
                0x0000000008000180                main
 .text.SystemClock_Config
                0x0000000008000238       0xba Core/Src/main.o
                0x0000000008000238                SystemClock_Config
 *fill*         0x00000000080002f2        0x2 
 .text.MX_RTC_Init
                0x00000000080002f4       0x34 Core/Src/main.o
 .text.MX_SPI1_Init
                0x0000000008000328       0x68 Core/Src/main.o
 .text.MX_DMA_Init
                0x0000000008000390       0x4c Core/Src/main.o
 .text.MX_GPIO_Init
                0x00000000080003dc      0x194 Core/Src/main.o
 .text.Converst
                0x0000000008000570       0x20 Core/Src/main.o
                0x0000000008000570                Converst
 .text.Read     0x0000000008000590       0xa0 Core/Src/main.o
                0x0000000008000590                Read
 .text.HAL_GPIO_EXTI_Callback
                0x0000000008000630       0x28 Core/Src/main.o
                0x0000000008000630                HAL_GPIO_EXTI_Callback
 .text.vAFunction
                0x0000000008000658       0x2c Core/Src/main.o
                0x0000000008000658                vAFunction
 .text.vA_send_Function
                0x0000000008000684       0x28 Core/Src/main.o
                0x0000000008000684                vA_send_Function
 .text.vA_receive_Function
                0x00000000080006ac       0x40 Core/Src/main.o
                0x00000000080006ac                vA_receive_Function
 .text.StartEnviaTask
                0x00000000080006ec       0x2c Core/Src/main.o
                0x00000000080006ec                StartEnviaTask
 .text.StartAquisitaTask
                0x0000000008000718       0x38 Core/Src/main.o
                0x0000000008000718                StartAquisitaTask
 .text.HAL_TIM_PeriodElapsedCallback
                0x0000000008000750       0x1e Core/Src/main.o
                0x0000000008000750                HAL_TIM_PeriodElapsedCallback
 .text.Error_Handler
                0x000000000800076e        0xc Core/Src/main.o
                0x000000000800076e                Error_Handler
 *fill*         0x000000000800077a        0x2 
 .text.HAL_MspInit
                0x000000000800077c       0x70 Core/Src/stm32f1xx_hal_msp.o
                0x000000000800077c                HAL_MspInit
 .text.HAL_RTC_MspInit
                0x00000000080007ec       0x48 Core/Src/stm32f1xx_hal_msp.o
                0x00000000080007ec                HAL_RTC_MspInit
 .text.HAL_SPI_MspInit
                0x0000000008000834      0x154 Core/Src/stm32f1xx_hal_msp.o
                0x0000000008000834                HAL_SPI_MspInit
 .text.HAL_InitTick
                0x0000000008000988       0xb0 Core/Src/stm32f1xx_hal_timebase_tim.o
                0x0000000008000988                HAL_InitTick
 .text.NMI_Handler
                0x0000000008000a38        0xc Core/Src/stm32f1xx_it.o
                0x0000000008000a38                NMI_Handler
 .text.HardFault_Handler
                0x0000000008000a44        0x6 Core/Src/stm32f1xx_it.o
                0x0000000008000a44                HardFault_Handler
 .text.MemManage_Handler
                0x0000000008000a4a        0x6 Core/Src/stm32f1xx_it.o
                0x0000000008000a4a                MemManage_Handler
 .text.BusFault_Handler
                0x0000000008000a50        0x6 Core/Src/stm32f1xx_it.o
                0x0000000008000a50                BusFault_Handler
 .text.UsageFault_Handler
                0x0000000008000a56        0x6 Core/Src/stm32f1xx_it.o
                0x0000000008000a56                UsageFault_Handler
 .text.DebugMon_Handler
                0x0000000008000a5c        0xc Core/Src/stm32f1xx_it.o
                0x0000000008000a5c                DebugMon_Handler
 .text.EXTI0_IRQHandler
                0x0000000008000a68        0xe Core/Src/stm32f1xx_it.o
                0x0000000008000a68                EXTI0_IRQHandler
 .text.EXTI3_IRQHandler
                0x0000000008000a76        0xe Core/Src/stm32f1xx_it.o
                0x0000000008000a76                EXTI3_IRQHandler
 .text.DMA1_Channel2_IRQHandler
                0x0000000008000a84       0x14 Core/Src/stm32f1xx_it.o
                0x0000000008000a84                DMA1_Channel2_IRQHandler
 .text.DMA1_Channel3_IRQHandler
                0x0000000008000a98       0x14 Core/Src/stm32f1xx_it.o
                0x0000000008000a98                DMA1_Channel3_IRQHandler
 .text.TIM2_IRQHandler
                0x0000000008000aac       0x14 Core/Src/stm32f1xx_it.o
                0x0000000008000aac                TIM2_IRQHandler
 .text.SPI1_IRQHandler
                0x0000000008000ac0       0x14 Core/Src/stm32f1xx_it.o
                0x0000000008000ac0                SPI1_IRQHandler
 .text.SystemInit
                0x0000000008000ad4       0x68 Core/Src/system_stm32f1xx.o
                0x0000000008000ad4                SystemInit
 .text.Reset_Handler
                0x0000000008000b3c       0x48 Core/Startup/startup_stm32f103c8tx.o
                0x0000000008000b3c                Reset_Handler
 .text.Default_Handler
                0x0000000008000b84        0x2 Core/Startup/startup_stm32f103c8tx.o
                0x0000000008000b84                RTC_Alarm_IRQHandler
                0x0000000008000b84                EXTI2_IRQHandler
                0x0000000008000b84                TIM1_CC_IRQHandler
                0x0000000008000b84                PVD_IRQHandler
                0x0000000008000b84                I2C2_EV_IRQHandler
                0x0000000008000b84                ADC1_2_IRQHandler
                0x0000000008000b84                TAMPER_IRQHandler
                0x0000000008000b84                DMA1_Channel4_IRQHandler
                0x0000000008000b84                USART3_IRQHandler
                0x0000000008000b84                RTC_IRQHandler
                0x0000000008000b84                DMA1_Channel7_IRQHandler
                0x0000000008000b84                CAN1_RX1_IRQHandler
                0x0000000008000b84                TIM4_IRQHandler
                0x0000000008000b84                I2C1_EV_IRQHandler
                0x0000000008000b84                DMA1_Channel6_IRQHandler
                0x0000000008000b84                TIM3_IRQHandler
                0x0000000008000b84                RCC_IRQHandler
                0x0000000008000b84                TIM1_TRG_COM_IRQHandler
                0x0000000008000b84                DMA1_Channel1_IRQHandler
                0x0000000008000b84                Default_Handler
                0x0000000008000b84                EXTI15_10_IRQHandler
                0x0000000008000b84                EXTI9_5_IRQHandler
                0x0000000008000b84                SPI2_IRQHandler
                0x0000000008000b84                DMA1_Channel5_IRQHandler
                0x0000000008000b84                EXTI4_IRQHandler
                0x0000000008000b84                USB_LP_CAN1_RX0_IRQHandler
                0x0000000008000b84                USB_HP_CAN1_TX_IRQHandler
                0x0000000008000b84                TIM1_UP_IRQHandler
                0x0000000008000b84                WWDG_IRQHandler
                0x0000000008000b84                TIM1_BRK_IRQHandler
                0x0000000008000b84                EXTI1_IRQHandler
                0x0000000008000b84                USART2_IRQHandler
                0x0000000008000b84                I2C2_ER_IRQHandler
                0x0000000008000b84                CAN1_SCE_IRQHandler
                0x0000000008000b84                FLASH_IRQHandler
                0x0000000008000b84                USART1_IRQHandler
                0x0000000008000b84                I2C1_ER_IRQHandler
                0x0000000008000b84                USBWakeUp_IRQHandler
 *fill*         0x0000000008000b86        0x2 
 .text.HAL_Init
                0x0000000008000b88       0x2c Drivers/STM32F1xx_HAL_Driver/stm32f1xx_hal.o
                0x0000000008000b88                HAL_Init
 .text.HAL_IncTick
                0x0000000008000bb4       0x24 Drivers/STM32F1xx_HAL_Driver/stm32f1xx_hal.o
                0x0000000008000bb4                HAL_IncTick
 .text.HAL_GetTick
                0x0000000008000bd8       0x14 Drivers/STM32F1xx_HAL_Driver/stm32f1xx_hal.o
                0x0000000008000bd8                HAL_GetTick
 .text.__NVIC_SetPriorityGrouping
                0x0000000008000bec       0x48 Drivers/STM32F1xx_HAL_Driver/stm32f1xx_hal_cortex.o
 .text.__NVIC_GetPriorityGrouping
                0x0000000008000c34       0x1c Drivers/STM32F1xx_HAL_Driver/stm32f1xx_hal_cortex.o
 .text.__NVIC_EnableIRQ
                0x0000000008000c50       0x38 Drivers/STM32F1xx_HAL_Driver/stm32f1xx_hal_cortex.o
 .text.__NVIC_SetPriority
                0x0000000008000c88       0x54 Drivers/STM32F1xx_HAL_Driver/stm32f1xx_hal_cortex.o
 .text.NVIC_EncodePriority
                0x0000000008000cdc       0x64 Drivers/STM32F1xx_HAL_Driver/stm32f1xx_hal_cortex.o
 .text.HAL_NVIC_SetPriorityGrouping
                0x0000000008000d40       0x16 Drivers/STM32F1xx_HAL_Driver/stm32f1xx_hal_cortex.o
                0x0000000008000d40                HAL_NVIC_SetPriorityGrouping
 .text.HAL_NVIC_SetPriority
                0x0000000008000d56       0x38 Drivers/STM32F1xx_HAL_Driver/stm32f1xx_hal_cortex.o
                0x0000000008000d56                HAL_NVIC_SetPriority
 .text.HAL_NVIC_EnableIRQ
                0x0000000008000d8e       0x1c Drivers/STM32F1xx_HAL_Driver/stm32f1xx_hal_cortex.o
                0x0000000008000d8e                HAL_NVIC_EnableIRQ
 *fill*         0x0000000008000daa        0x2 
 .text.HAL_DMA_Init
                0x0000000008000dac       0xb4 Drivers/STM32F1xx_HAL_Driver/stm32f1xx_hal_dma.o
                0x0000000008000dac                HAL_DMA_Init
 .text.HAL_DMA_Start_IT
                0x0000000008000e60       0xbe Drivers/STM32F1xx_HAL_Driver/stm32f1xx_hal_dma.o
                0x0000000008000e60                HAL_DMA_Start_IT
 *fill*         0x0000000008000f1e        0x2 
 .text.HAL_DMA_Abort_IT
                0x0000000008000f20       0xec Drivers/STM32F1xx_HAL_Driver/stm32f1xx_hal_dma.o
                0x0000000008000f20                HAL_DMA_Abort_IT
 .text.HAL_DMA_IRQHandler
                0x000000000800100c      0x20c Drivers/STM32F1xx_HAL_Driver/stm32f1xx_hal_dma.o
                0x000000000800100c                HAL_DMA_IRQHandler
 .text.DMA_SetConfig
                0x0000000008001218       0x5a Drivers/STM32F1xx_HAL_Driver/stm32f1xx_hal_dma.o
 *fill*         0x0000000008001272        0x2 
 .text.HAL_GPIO_Init
                0x0000000008001274      0x2b4 Drivers/STM32F1xx_HAL_Driver/stm32f1xx_hal_gpio.o
                0x0000000008001274                HAL_GPIO_Init
 .text.HAL_GPIO_WritePin
                0x0000000008001528       0x30 Drivers/STM32F1xx_HAL_Driver/stm32f1xx_hal_gpio.o
                0x0000000008001528                HAL_GPIO_WritePin
 .text.HAL_GPIO_EXTI_IRQHandler
                0x0000000008001558       0x30 Drivers/STM32F1xx_HAL_Driver/stm32f1xx_hal_gpio.o
                0x0000000008001558                HAL_GPIO_EXTI_IRQHandler
 .text.HAL_PWR_EnableBkUpAccess
                0x0000000008001588       0x18 Drivers/STM32F1xx_HAL_Driver/stm32f1xx_hal_pwr.o
                0x0000000008001588                HAL_PWR_EnableBkUpAccess
 .text.HAL_RCC_OscConfig
                0x00000000080015a0      0x500 Drivers/STM32F1xx_HAL_Driver/stm32f1xx_hal_rcc.o
                0x00000000080015a0                HAL_RCC_OscConfig
 .text.HAL_RCC_ClockConfig
                0x0000000008001aa0      0x1d4 Drivers/STM32F1xx_HAL_Driver/stm32f1xx_hal_rcc.o
                0x0000000008001aa0                HAL_RCC_ClockConfig
 .text.HAL_RCC_GetSysClockFreq
                0x0000000008001c74       0xc4 Drivers/STM32F1xx_HAL_Driver/stm32f1xx_hal_rcc.o
                0x0000000008001c74                HAL_RCC_GetSysClockFreq
 .text.HAL_RCC_GetHCLKFreq
                0x0000000008001d38       0x14 Drivers/STM32F1xx_HAL_Driver/stm32f1xx_hal_rcc.o
                0x0000000008001d38                HAL_RCC_GetHCLKFreq
 .text.HAL_RCC_GetPCLK1Freq
                0x0000000008001d4c       0x28 Drivers/STM32F1xx_HAL_Driver/stm32f1xx_hal_rcc.o
                0x0000000008001d4c                HAL_RCC_GetPCLK1Freq
 .text.HAL_RCC_GetPCLK2Freq
                0x0000000008001d74       0x28 Drivers/STM32F1xx_HAL_Driver/stm32f1xx_hal_rcc.o
                0x0000000008001d74                HAL_RCC_GetPCLK2Freq
 .text.HAL_RCC_GetClockConfig
                0x0000000008001d9c       0x60 Drivers/STM32F1xx_HAL_Driver/stm32f1xx_hal_rcc.o
                0x0000000008001d9c                HAL_RCC_GetClockConfig
 .text.RCC_Delay
                0x0000000008001dfc       0x3c Drivers/STM32F1xx_HAL_Driver/stm32f1xx_hal_rcc.o
 .text.HAL_RCCEx_PeriphCLKConfig
                0x0000000008001e38      0x16c Drivers/STM32F1xx_HAL_Driver/stm32f1xx_hal_rcc_ex.o
                0x0000000008001e38                HAL_RCCEx_PeriphCLKConfig
 .text.HAL_RCCEx_GetPeriphCLKFreq
                0x0000000008001fa4      0x178 Drivers/STM32F1xx_HAL_Driver/stm32f1xx_hal_rcc_ex.o
                0x0000000008001fa4                HAL_RCCEx_GetPeriphCLKFreq
 .text.HAL_RTC_Init
                0x000000000800211c      0x12c Drivers/STM32F1xx_HAL_Driver/stm32f1xx_hal_rtc.o
                0x000000000800211c                HAL_RTC_Init
 .text.HAL_RTC_WaitForSynchro
                0x0000000008002248       0x5a Drivers/STM32F1xx_HAL_Driver/stm32f1xx_hal_rtc.o
                0x0000000008002248                HAL_RTC_WaitForSynchro
 .text.RTC_EnterInitMode
                0x00000000080022a2       0x50 Drivers/STM32F1xx_HAL_Driver/stm32f1xx_hal_rtc.o
 .text.RTC_ExitInitMode
                0x00000000080022f2       0x50 Drivers/STM32F1xx_HAL_Driver/stm32f1xx_hal_rtc.o
 .text.HAL_SPI_Init
                0x0000000008002342       0xc2 Drivers/STM32F1xx_HAL_Driver/stm32f1xx_hal_spi.o
                0x0000000008002342                HAL_SPI_Init
 .text.HAL_SPI_Transmit_DMA
                0x0000000008002404      0x15c Drivers/STM32F1xx_HAL_Driver/stm32f1xx_hal_spi.o
                0x0000000008002404                HAL_SPI_Transmit_DMA
 .text.HAL_SPI_IRQHandler
                0x0000000008002560      0x1d0 Drivers/STM32F1xx_HAL_Driver/stm32f1xx_hal_spi.o
                0x0000000008002560                HAL_SPI_IRQHandler
 .text.HAL_SPI_TxCpltCallback
                0x0000000008002730       0x12 Drivers/STM32F1xx_HAL_Driver/stm32f1xx_hal_spi.o
                0x0000000008002730                HAL_SPI_TxCpltCallback
 .text.HAL_SPI_TxHalfCpltCallback
                0x0000000008002742       0x12 Drivers/STM32F1xx_HAL_Driver/stm32f1xx_hal_spi.o
                0x0000000008002742                HAL_SPI_TxHalfCpltCallback
 .text.HAL_SPI_ErrorCallback
                0x0000000008002754       0x12 Drivers/STM32F1xx_HAL_Driver/stm32f1xx_hal_spi.o
                0x0000000008002754                HAL_SPI_ErrorCallback
 .text.SPI_DMATransmitCplt
                0x0000000008002766       0xa6 Drivers/STM32F1xx_HAL_Driver/stm32f1xx_hal_spi.o
 .text.SPI_DMAHalfTransmitCplt
                0x000000000800280c       0x1c Drivers/STM32F1xx_HAL_Driver/stm32f1xx_hal_spi.o
 .text.SPI_DMAError
                0x0000000008002828       0x40 Drivers/STM32F1xx_HAL_Driver/stm32f1xx_hal_spi.o
 .text.SPI_DMAAbortOnError
                0x0000000008002868       0x28 Drivers/STM32F1xx_HAL_Driver/stm32f1xx_hal_spi.o
 .text.SPI_WaitFlagStateUntilTimeout
                0x0000000008002890       0xd4 Drivers/STM32F1xx_HAL_Driver/stm32f1xx_hal_spi.o
 .text.SPI_EndRxTxTransaction
                0x0000000008002964       0x3c Drivers/STM32F1xx_HAL_Driver/stm32f1xx_hal_spi.o
 .text.HAL_TIM_Base_Init
                0x00000000080029a0       0x56 Drivers/STM32F1xx_HAL_Driver/stm32f1xx_hal_tim.o
                0x00000000080029a0                HAL_TIM_Base_Init
 .text.HAL_TIM_Base_MspInit
                0x00000000080029f6       0x12 Drivers/STM32F1xx_HAL_Driver/stm32f1xx_hal_tim.o
                0x00000000080029f6                HAL_TIM_Base_MspInit
 .text.HAL_TIM_Base_Start_IT
                0x0000000008002a08       0x46 Drivers/STM32F1xx_HAL_Driver/stm32f1xx_hal_tim.o
                0x0000000008002a08                HAL_TIM_Base_Start_IT
 .text.HAL_TIM_IRQHandler
                0x0000000008002a4e      0x210 Drivers/STM32F1xx_HAL_Driver/stm32f1xx_hal_tim.o
                0x0000000008002a4e                HAL_TIM_IRQHandler
 .text.HAL_TIM_OC_DelayElapsedCallback
                0x0000000008002c5e       0x12 Drivers/STM32F1xx_HAL_Driver/stm32f1xx_hal_tim.o
                0x0000000008002c5e                HAL_TIM_OC_DelayElapsedCallback
 .text.HAL_TIM_IC_CaptureCallback
                0x0000000008002c70       0x12 Drivers/STM32F1xx_HAL_Driver/stm32f1xx_hal_tim.o
                0x0000000008002c70                HAL_TIM_IC_CaptureCallback
 .text.HAL_TIM_PWM_PulseFinishedCallback
                0x0000000008002c82       0x12 Drivers/STM32F1xx_HAL_Driver/stm32f1xx_hal_tim.o
                0x0000000008002c82                HAL_TIM_PWM_PulseFinishedCallback
 .text.HAL_TIM_TriggerCallback
                0x0000000008002c94       0x12 Drivers/STM32F1xx_HAL_Driver/stm32f1xx_hal_tim.o
                0x0000000008002c94                HAL_TIM_TriggerCallback
 *fill*         0x0000000008002ca6        0x2 
 .text.TIM_Base_SetConfig
                0x0000000008002ca8       0xc4 Drivers/STM32F1xx_HAL_Driver/stm32f1xx_hal_tim.o
                0x0000000008002ca8                TIM_Base_SetConfig
 .text.HAL_TIMEx_CommutCallback
                0x0000000008002d6c       0x12 Drivers/STM32F1xx_HAL_Driver/stm32f1xx_hal_tim_ex.o
                0x0000000008002d6c                HAL_TIMEx_CommutCallback
 .text.HAL_TIMEx_BreakCallback
                0x0000000008002d7e       0x12 Drivers/STM32F1xx_HAL_Driver/stm32f1xx_hal_tim_ex.o
                0x0000000008002d7e                HAL_TIMEx_BreakCallback
 .text.makeFreeRtosPriority
                0x0000000008002d90       0x2e Middlewares/FreeRTOS/cmsis_os.o
 .text.inHandlerMode
                0x0000000008002dbe       0x22 Middlewares/FreeRTOS/cmsis_os.o
 .text.osKernelStart
                0x0000000008002de0        0xe Middlewares/FreeRTOS/cmsis_os.o
                0x0000000008002de0                osKernelStart
 .text.osThreadCreate
                0x0000000008002dee       0x98 Middlewares/FreeRTOS/cmsis_os.o
                0x0000000008002dee                osThreadCreate
 .text.osDelay  0x0000000008002e86       0x28 Middlewares/FreeRTOS/cmsis_os.o
                0x0000000008002e86                osDelay
 .text.osSemaphoreCreate
                0x0000000008002eae       0x66 Middlewares/FreeRTOS/cmsis_os.o
                0x0000000008002eae                osSemaphoreCreate
 .text.osSemaphoreWait
                0x0000000008002f14       0x9c Middlewares/FreeRTOS/cmsis_os.o
                0x0000000008002f14                osSemaphoreWait
 .text.osSemaphoreRelease
                0x0000000008002fb0       0x6c Middlewares/FreeRTOS/cmsis_os.o
                0x0000000008002fb0                osSemaphoreRelease
 .text.pvPortMalloc
                0x000000000800301c      0x184 Middlewares/FreeRTOS/heap_4.o
                0x000000000800301c                pvPortMalloc
 .text.vPortFree
                0x00000000080031a0       0xb0 Middlewares/FreeRTOS/heap_4.o
                0x00000000080031a0                vPortFree
 .text.prvHeapInit
                0x0000000008003250       0xc4 Middlewares/FreeRTOS/heap_4.o
 .text.prvInsertBlockIntoFreeList
                0x0000000008003314       0xb0 Middlewares/FreeRTOS/heap_4.o
 .text.vListInitialise
                0x00000000080033c4       0x3e Middlewares/FreeRTOS/list.o
                0x00000000080033c4                vListInitialise
 .text.vListInitialiseItem
                0x0000000008003402       0x18 Middlewares/FreeRTOS/list.o
                0x0000000008003402                vListInitialiseItem
 .text.vListInsertEnd
                0x000000000800341a       0x46 Middlewares/FreeRTOS/list.o
                0x000000000800341a                vListInsertEnd
 .text.vListInsert
                0x0000000008003460       0x70 Middlewares/FreeRTOS/list.o
                0x0000000008003460                vListInsert
 .text.uxListRemove
                0x00000000080034d0       0x52 Middlewares/FreeRTOS/list.o
                0x00000000080034d0                uxListRemove
 *fill*         0x0000000008003522        0x2 
 .text.pxPortInitialiseStack
                0x0000000008003524       0x58 Middlewares/FreeRTOS/port.o
                0x0000000008003524                pxPortInitialiseStack
 .text.prvTaskExitError
                0x000000000800357c       0x50 Middlewares/FreeRTOS/port.o
 *fill*         0x00000000080035cc        0x4 
 .text.SVC_Handler
                0x00000000080035d0       0x28 Middlewares/FreeRTOS/port.o
                0x00000000080035d0                SVC_Handler
 .text.prvPortStartFirstTask
                0x00000000080035f8       0x20 Middlewares/FreeRTOS/port.o
 .text.xPortStartScheduler
                0x0000000008003618       0xe0 Middlewares/FreeRTOS/port.o
                0x0000000008003618                xPortStartScheduler
 .text.vPortEnterCritical
                0x00000000080036f8       0x5c Middlewares/FreeRTOS/port.o
                0x00000000080036f8                vPortEnterCritical
 .text.vPortExitCritical
                0x0000000008003754       0x4c Middlewares/FreeRTOS/port.o
                0x0000000008003754                vPortExitCritical
 .text.PendSV_Handler
                0x00000000080037a0       0x48 Middlewares/FreeRTOS/port.o
                0x00000000080037a0                PendSV_Handler
 .text.SysTick_Handler
                0x00000000080037e8       0x40 Middlewares/FreeRTOS/port.o
                0x00000000080037e8                SysTick_Handler
 .text.vPortSetupTimerInterrupt
                0x0000000008003828       0x44 Middlewares/FreeRTOS/port.o
                0x0000000008003828                vPortSetupTimerInterrupt
 .text.vPortValidateInterruptPriority
                0x000000000800386c       0x78 Middlewares/FreeRTOS/port.o
                0x000000000800386c                vPortValidateInterruptPriority
 .text.xQueueGenericReset
                0x00000000080038e4       0xd0 Middlewares/FreeRTOS/queue.o
                0x00000000080038e4                xQueueGenericReset
 .text.xQueueGenericCreateStatic
                0x00000000080039b4       0xe4 Middlewares/FreeRTOS/queue.o
                0x00000000080039b4                xQueueGenericCreateStatic
 .text.xQueueGenericCreate
                0x0000000008003a98       0x7a Middlewares/FreeRTOS/queue.o
                0x0000000008003a98                xQueueGenericCreate
 .text.prvInitialiseNewQueue
                0x0000000008003b12       0x3e Middlewares/FreeRTOS/queue.o
 .text.xQueueGenericSend
                0x0000000008003b50      0x1f4 Middlewares/FreeRTOS/queue.o
                0x0000000008003b50                xQueueGenericSend
 .text.xQueueGiveFromISR
                0x0000000008003d44      0x112 Middlewares/FreeRTOS/queue.o
                0x0000000008003d44                xQueueGiveFromISR
 *fill*         0x0000000008003e56        0x2 
 .text.xQueueSemaphoreTake
                0x0000000008003e58      0x210 Middlewares/FreeRTOS/queue.o
                0x0000000008003e58                xQueueSemaphoreTake
 .text.xQueueReceiveFromISR
                0x0000000008004068       0xfa Middlewares/FreeRTOS/queue.o
                0x0000000008004068                xQueueReceiveFromISR
 .text.prvGetDisinheritPriorityAfterTimeout
                0x0000000008004162       0x2e Middlewares/FreeRTOS/queue.o
 .text.prvCopyDataToQueue
                0x0000000008004190       0xd4 Middlewares/FreeRTOS/queue.o
 .text.prvCopyDataFromQueue
                0x0000000008004264       0x4c Middlewares/FreeRTOS/queue.o
 .text.prvUnlockQueue
                0x00000000080042b0       0xa4 Middlewares/FreeRTOS/queue.o
 .text.prvIsQueueEmpty
                0x0000000008004354       0x2c Middlewares/FreeRTOS/queue.o
 .text.prvIsQueueFull
                0x0000000008004380       0x30 Middlewares/FreeRTOS/queue.o
 .text.xStreamBufferGenericCreate
                0x00000000080043b0       0x82 Middlewares/FreeRTOS/stream_buffer.o
                0x00000000080043b0                xStreamBufferGenericCreate
 .text.xStreamBufferSpacesAvailable
                0x0000000008004432       0x62 Middlewares/FreeRTOS/stream_buffer.o
                0x0000000008004432                xStreamBufferSpacesAvailable
 .text.xStreamBufferSend
                0x0000000008004494      0x148 Middlewares/FreeRTOS/stream_buffer.o
                0x0000000008004494                xStreamBufferSend
 .text.prvWriteMessageToBuffer
                0x00000000080045dc       0x7a Middlewares/FreeRTOS/stream_buffer.o
 .text.xStreamBufferReceive
                0x0000000008004656      0x126 Middlewares/FreeRTOS/stream_buffer.o
                0x0000000008004656                xStreamBufferReceive
 .text.prvReadMessageFromBuffer
                0x000000000800477c       0x60 Middlewares/FreeRTOS/stream_buffer.o
 .text.prvWriteBytesToBuffer
                0x00000000080047dc       0xde Middlewares/FreeRTOS/stream_buffer.o
 .text.prvReadBytesFromBuffer
                0x00000000080048ba       0xee Middlewares/FreeRTOS/stream_buffer.o
 .text.prvBytesInBuffer
                0x00000000080049a8       0x3e Middlewares/FreeRTOS/stream_buffer.o
 .text.prvInitialiseNewStreamBuffer
                0x00000000080049e6       0x70 Middlewares/FreeRTOS/stream_buffer.o
 .text.xTaskCreateStatic
                0x0000000008004a56       0xb2 Middlewares/FreeRTOS/tasks.o
                0x0000000008004a56                xTaskCreateStatic
 .text.xTaskCreate
                0x0000000008004b08       0x8a Middlewares/FreeRTOS/tasks.o
                0x0000000008004b08                xTaskCreate
 .text.prvInitialiseNewTask
                0x0000000008004b92       0xfc Middlewares/FreeRTOS/tasks.o
 *fill*         0x0000000008004c8e        0x2 
 .text.prvAddNewTaskToReadyList
                0x0000000008004c90       0xd4 Middlewares/FreeRTOS/tasks.o
 .text.vTaskDelay
                0x0000000008004d64       0x68 Middlewares/FreeRTOS/tasks.o
                0x0000000008004d64                vTaskDelay
 .text.vTaskStartScheduler
                0x0000000008004dcc       0xbc Middlewares/FreeRTOS/tasks.o
                0x0000000008004dcc                vTaskStartScheduler
 .text.vTaskSuspendAll
                0x0000000008004e88       0x1c Middlewares/FreeRTOS/tasks.o
                0x0000000008004e88                vTaskSuspendAll
 .text.xTaskResumeAll
                0x0000000008004ea4      0x138 Middlewares/FreeRTOS/tasks.o
                0x0000000008004ea4                xTaskResumeAll
 .text.xTaskIncrementTick
                0x0000000008004fdc      0x178 Middlewares/FreeRTOS/tasks.o
                0x0000000008004fdc                xTaskIncrementTick
 .text.vTaskSwitchContext
                0x0000000008005154       0xb4 Middlewares/FreeRTOS/tasks.o
                0x0000000008005154                vTaskSwitchContext
 .text.vTaskPlaceOnEventList
                0x0000000008005208       0x48 Middlewares/FreeRTOS/tasks.o
                0x0000000008005208                vTaskPlaceOnEventList
 .text.xTaskRemoveFromEventList
                0x0000000008005250       0xc4 Middlewares/FreeRTOS/tasks.o
                0x0000000008005250                xTaskRemoveFromEventList
 .text.vTaskSetTimeOutState
                0x0000000008005314       0x4c Middlewares/FreeRTOS/tasks.o
                0x0000000008005314                vTaskSetTimeOutState
 .text.vTaskInternalSetTimeOutState
                0x0000000008005360       0x2c Middlewares/FreeRTOS/tasks.o
                0x0000000008005360                vTaskInternalSetTimeOutState
 .text.xTaskCheckForTimeOut
                0x000000000800538c       0xc0 Middlewares/FreeRTOS/tasks.o
                0x000000000800538c                xTaskCheckForTimeOut
 .text.vTaskMissedYield
                0x000000000800544c       0x18 Middlewares/FreeRTOS/tasks.o
                0x000000000800544c                vTaskMissedYield
 .text.prvIdleTask
                0x0000000008005464       0x30 Middlewares/FreeRTOS/tasks.o
 .text.prvInitialiseTaskLists
                0x0000000008005494       0x80 Middlewares/FreeRTOS/tasks.o
 .text.prvCheckTasksWaitingTermination
                0x0000000008005514       0x58 Middlewares/FreeRTOS/tasks.o
 .text.prvDeleteTCB
                0x000000000800556c       0x5c Middlewares/FreeRTOS/tasks.o
 .text.prvResetNextTaskUnblockTime
                0x00000000080055c8       0x48 Middlewares/FreeRTOS/tasks.o
 .text.xTaskGetCurrentTaskHandle
                0x0000000008005610       0x1c Middlewares/FreeRTOS/tasks.o
                0x0000000008005610                xTaskGetCurrentTaskHandle
 .text.xTaskGetSchedulerState
                0x000000000800562c       0x3c Middlewares/FreeRTOS/tasks.o
                0x000000000800562c                xTaskGetSchedulerState
 .text.xTaskPriorityInherit
                0x0000000008005668      0x10c Middlewares/FreeRTOS/tasks.o
                0x0000000008005668                xTaskPriorityInherit
 .text.xTaskPriorityDisinherit
                0x0000000008005774      0x108 Middlewares/FreeRTOS/tasks.o
                0x0000000008005774                xTaskPriorityDisinherit
 .text.vTaskPriorityDisinheritAfterTimeout
                0x000000000800587c      0x13c Middlewares/FreeRTOS/tasks.o
                0x000000000800587c                vTaskPriorityDisinheritAfterTimeout
 .text.pvTaskIncrementMutexHeldCount
                0x00000000080059b8       0x28 Middlewares/FreeRTOS/tasks.o
                0x00000000080059b8                pvTaskIncrementMutexHeldCount
 .text.xTaskNotifyWait
                0x00000000080059e0       0xb4 Middlewares/FreeRTOS/tasks.o
                0x00000000080059e0                xTaskNotifyWait
 .text.xTaskGenericNotify
                0x0000000008005a94      0x140 Middlewares/FreeRTOS/tasks.o
                0x0000000008005a94                xTaskGenericNotify
 .text.xTaskNotifyStateClear
                0x0000000008005bd4       0x4c Middlewares/FreeRTOS/tasks.o
                0x0000000008005bd4                xTaskNotifyStateClear
 .text.prvAddCurrentTaskToDelayedList
                0x0000000008005c20       0xcc Middlewares/FreeRTOS/tasks.o
 .text.__libc_init_array
                0x0000000008005cec       0x48 c:/st/stm32cubeide_1.3.0/stm32cubeide/plugins/com.st.stm32cube.ide.mcu.externaltools.gnu-tools-for-stm32.7-2018-q2-update.win32_1.0.0.201904181610/tools/bin/../lib/gcc/arm-none-eabi/7.3.1/../../../../arm-none-eabi/lib/thumb/v7-m\libc_nano.a(lib_a-init.o)
                0x0000000008005cec                __libc_init_array
 .text.memcpy   0x0000000008005d34       0x16 c:/st/stm32cubeide_1.3.0/stm32cubeide/plugins/com.st.stm32cube.ide.mcu.externaltools.gnu-tools-for-stm32.7-2018-q2-update.win32_1.0.0.201904181610/tools/bin/../lib/gcc/arm-none-eabi/7.3.1/../../../../arm-none-eabi/lib/thumb/v7-m\libc_nano.a(lib_a-memcpy-stub.o)
                0x0000000008005d34                memcpy
 .text.memset   0x0000000008005d4a       0x10 c:/st/stm32cubeide_1.3.0/stm32cubeide/plugins/com.st.stm32cube.ide.mcu.externaltools.gnu-tools-for-stm32.7-2018-q2-update.win32_1.0.0.201904181610/tools/bin/../lib/gcc/arm-none-eabi/7.3.1/../../../../arm-none-eabi/lib/thumb/v7-m\libc_nano.a(lib_a-memset.o)
                0x0000000008005d4a                memset
 *(.glue_7)
 .glue_7        0x0000000008005d5a        0x0 linker stubs
 *(.glue_7t)
 .glue_7t       0x0000000008005d5a        0x0 linker stubs
 *(.eh_frame)
 *fill*         0x0000000008005d5a        0x2 
 .eh_frame      0x0000000008005d5c        0x0 c:/st/stm32cubeide_1.3.0/stm32cubeide/plugins/com.st.stm32cube.ide.mcu.externaltools.gnu-tools-for-stm32.7-2018-q2-update.win32_1.0.0.201904181610/tools/bin/../lib/gcc/arm-none-eabi/7.3.1/thumb/v7-m/crtbegin.o
 *(.init)
 .init          0x0000000008005d5c        0x4 c:/st/stm32cubeide_1.3.0/stm32cubeide/plugins/com.st.stm32cube.ide.mcu.externaltools.gnu-tools-for-stm32.7-2018-q2-update.win32_1.0.0.201904181610/tools/bin/../lib/gcc/arm-none-eabi/7.3.1/thumb/v7-m/crti.o
                0x0000000008005d5c                _init
 .init          0x0000000008005d60        0x8 c:/st/stm32cubeide_1.3.0/stm32cubeide/plugins/com.st.stm32cube.ide.mcu.externaltools.gnu-tools-for-stm32.7-2018-q2-update.win32_1.0.0.201904181610/tools/bin/../lib/gcc/arm-none-eabi/7.3.1/thumb/v7-m/crtn.o
 *(.fini)
 .fini          0x0000000008005d68        0x4 c:/st/stm32cubeide_1.3.0/stm32cubeide/plugins/com.st.stm32cube.ide.mcu.externaltools.gnu-tools-for-stm32.7-2018-q2-update.win32_1.0.0.201904181610/tools/bin/../lib/gcc/arm-none-eabi/7.3.1/thumb/v7-m/crti.o
                0x0000000008005d68                _fini
 .fini          0x0000000008005d6c        0x8 c:/st/stm32cubeide_1.3.0/stm32cubeide/plugins/com.st.stm32cube.ide.mcu.externaltools.gnu-tools-for-stm32.7-2018-q2-update.win32_1.0.0.201904181610/tools/bin/../lib/gcc/arm-none-eabi/7.3.1/thumb/v7-m/crtn.o
                0x0000000008005d74                . = ALIGN (0x4)
                0x0000000008005d74                _etext = .

.vfp11_veneer   0x0000000008005d74        0x0
 .vfp11_veneer  0x0000000008005d74        0x0 linker stubs

.v4_bx          0x0000000008005d74        0x0
 .v4_bx         0x0000000008005d74        0x0 linker stubs

.iplt           0x0000000008005d74        0x0
 .iplt          0x0000000008005d74        0x0 c:/st/stm32cubeide_1.3.0/stm32cubeide/plugins/com.st.stm32cube.ide.mcu.externaltools.gnu-tools-for-stm32.7-2018-q2-update.win32_1.0.0.201904181610/tools/bin/../lib/gcc/arm-none-eabi/7.3.1/thumb/v7-m/crtbegin.o

.rodata         0x0000000008005d74       0x9c
                0x0000000008005d74                . = ALIGN (0x4)
 *(.rodata)
 .rodata        0x0000000008005d74       0x54 Core/Src/main.o
 .rodata        0x0000000008005dc8       0x12 Drivers/STM32F1xx_HAL_Driver/stm32f1xx_hal_rcc.o
 *fill*         0x0000000008005dda        0x2 
 .rodata        0x0000000008005ddc       0x12 Drivers/STM32F1xx_HAL_Driver/stm32f1xx_hal_rcc_ex.o
 *fill*         0x0000000008005dee        0x2 
 .rodata        0x0000000008005df0        0x5 Middlewares/FreeRTOS/tasks.o
 *(.rodata*)
 *fill*         0x0000000008005df5        0x3 
 .rodata.AHBPrescTable
                0x0000000008005df8       0x10 Core/Src/system_stm32f1xx.o
                0x0000000008005df8                AHBPrescTable
 .rodata.APBPrescTable
                0x0000000008005e08        0x8 Core/Src/system_stm32f1xx.o
                0x0000000008005e08                APBPrescTable
                0x0000000008005e10                . = ALIGN (0x4)

.rel.dyn        0x0000000008005e10        0x0
 .rel.iplt      0x0000000008005e10        0x0 c:/st/stm32cubeide_1.3.0/stm32cubeide/plugins/com.st.stm32cube.ide.mcu.externaltools.gnu-tools-for-stm32.7-2018-q2-update.win32_1.0.0.201904181610/tools/bin/../lib/gcc/arm-none-eabi/7.3.1/thumb/v7-m/crtbegin.o

.ARM.extab      0x0000000008005e10        0x0
                0x0000000008005e10                . = ALIGN (0x4)
 *(.ARM.extab* .gnu.linkonce.armextab.*)
                0x0000000008005e10                . = ALIGN (0x4)

.ARM            0x0000000008005e10        0x0
                0x0000000008005e10                . = ALIGN (0x4)
                0x0000000008005e10                __exidx_start = .
 *(.ARM.exidx*)
                0x0000000008005e10                __exidx_end = .
                0x0000000008005e10                . = ALIGN (0x4)

.preinit_array  0x0000000008005e10        0x0
                0x0000000008005e10                . = ALIGN (0x4)
                0x0000000008005e10                PROVIDE (__preinit_array_start = .)
 *(.preinit_array*)
                0x0000000008005e10                PROVIDE (__preinit_array_end = .)
                0x0000000008005e10                . = ALIGN (0x4)

.init_array     0x0000000008005e10        0x4
                0x0000000008005e10                . = ALIGN (0x4)
                0x0000000008005e10                PROVIDE (__init_array_start = .)
 *(SORT_BY_NAME(.init_array.*))
 *(.init_array*)
 .init_array    0x0000000008005e10        0x4 c:/st/stm32cubeide_1.3.0/stm32cubeide/plugins/com.st.stm32cube.ide.mcu.externaltools.gnu-tools-for-stm32.7-2018-q2-update.win32_1.0.0.201904181610/tools/bin/../lib/gcc/arm-none-eabi/7.3.1/thumb/v7-m/crtbegin.o
                0x0000000008005e14                PROVIDE (__init_array_end = .)
                0x0000000008005e14                . = ALIGN (0x4)

.fini_array     0x0000000008005e14        0x4
                0x0000000008005e14                . = ALIGN (0x4)
                [!provide]                        PROVIDE (__fini_array_start = .)
 *(SORT_BY_NAME(.fini_array.*))
 *(.fini_array*)
 .fini_array    0x0000000008005e14        0x4 c:/st/stm32cubeide_1.3.0/stm32cubeide/plugins/com.st.stm32cube.ide.mcu.externaltools.gnu-tools-for-stm32.7-2018-q2-update.win32_1.0.0.201904181610/tools/bin/../lib/gcc/arm-none-eabi/7.3.1/thumb/v7-m/crtbegin.o
                [!provide]                        PROVIDE (__fini_array_end = .)
                0x0000000008005e18                . = ALIGN (0x4)
                0x0000000008005e18                _sidata = LOADADDR (.data)

.data           0x0000000020000000       0x10 load address 0x0000000008005e18
                0x0000000020000000                . = ALIGN (0x4)
                0x0000000020000000                _sdata = .
 *(.data)
 *(.data*)
 .data.SystemCoreClock
                0x0000000020000000        0x4 Core/Src/system_stm32f1xx.o
                0x0000000020000000                SystemCoreClock
 .data.uwTickPrio
                0x0000000020000004        0x4 Drivers/STM32F1xx_HAL_Driver/stm32f1xx_hal.o
                0x0000000020000004                uwTickPrio
 .data.uwTickFreq
                0x0000000020000008        0x1 Drivers/STM32F1xx_HAL_Driver/stm32f1xx_hal.o
                0x0000000020000008                uwTickFreq
 *fill*         0x0000000020000009        0x3 
 .data.uxCriticalNesting
                0x000000002000000c        0x4 Middlewares/FreeRTOS/port.o
                0x0000000020000010                . = ALIGN (0x4)
                0x0000000020000010                _edata = .

.igot.plt       0x0000000020000010        0x0 load address 0x0000000008005e28
 .igot.plt      0x0000000020000010        0x0 c:/st/stm32cubeide_1.3.0/stm32cubeide/plugins/com.st.stm32cube.ide.mcu.externaltools.gnu-tools-for-stm32.7-2018-q2-update.win32_1.0.0.201904181610/tools/bin/../lib/gcc/arm-none-eabi/7.3.1/thumb/v7-m/crtbegin.o
                0x0000000020000010                . = ALIGN (0x4)

.bss            0x0000000020000010     0x112c load address 0x0000000008005e28
                0x0000000020000010                _sbss = .
                0x0000000020000010                __bss_start__ = _sbss
 *(.bss)
 .bss           0x0000000020000010       0x1c c:/st/stm32cubeide_1.3.0/stm32cubeide/plugins/com.st.stm32cube.ide.mcu.externaltools.gnu-tools-for-stm32.7-2018-q2-update.win32_1.0.0.201904181610/tools/bin/../lib/gcc/arm-none-eabi/7.3.1/thumb/v7-m/crtbegin.o
 *(.bss*)
 .bss.xIdleTaskTCBBuffer
                0x000000002000002c       0x54 Core/Src/freertos.o
 .bss.xIdleStack
                0x0000000020000080      0x200 Core/Src/freertos.o
 .bss.valor2.7069
                0x0000000020000280        0x1 Core/Src/main.o
 .bss.valor3.7070
                0x0000000020000281        0x1 Core/Src/main.o
 *fill*         0x0000000020000282        0x2 
 .bss.canais.7071
                0x0000000020000284       0x10 Core/Src/main.o
 .bss.ucRxData.7091
                0x0000000020000294       0x10 Core/Src/main.o
 .bss.ucHeap    0x00000000200002a4      0xc00 Middlewares/FreeRTOS/heap_4.o
 .bss.xStart    0x0000000020000ea4        0x8 Middlewares/FreeRTOS/heap_4.o
 .bss.pxEnd     0x0000000020000eac        0x4 Middlewares/FreeRTOS/heap_4.o
 .bss.xFreeBytesRemaining
                0x0000000020000eb0        0x4 Middlewares/FreeRTOS/heap_4.o
 .bss.xMinimumEverFreeBytesRemaining
                0x0000000020000eb4        0x4 Middlewares/FreeRTOS/heap_4.o
 .bss.xBlockAllocatedBit
                0x0000000020000eb8        0x4 Middlewares/FreeRTOS/heap_4.o
 .bss.ucMaxSysCallPriority
                0x0000000020000ebc        0x1 Middlewares/FreeRTOS/port.o
 *fill*         0x0000000020000ebd        0x3 
 .bss.ulMaxPRIGROUPValue
                0x0000000020000ec0        0x4 Middlewares/FreeRTOS/port.o
 .bss.pxCurrentTCB
                0x0000000020000ec4        0x4 Middlewares/FreeRTOS/tasks.o
                0x0000000020000ec4                pxCurrentTCB
 .bss.pxReadyTasksLists
                0x0000000020000ec8       0x8c Middlewares/FreeRTOS/tasks.o
 .bss.xDelayedTaskList1
                0x0000000020000f54       0x14 Middlewares/FreeRTOS/tasks.o
 .bss.xDelayedTaskList2
                0x0000000020000f68       0x14 Middlewares/FreeRTOS/tasks.o
 .bss.pxDelayedTaskList
                0x0000000020000f7c        0x4 Middlewares/FreeRTOS/tasks.o
 .bss.pxOverflowDelayedTaskList
                0x0000000020000f80        0x4 Middlewares/FreeRTOS/tasks.o
 .bss.xPendingReadyList
                0x0000000020000f84       0x14 Middlewares/FreeRTOS/tasks.o
 .bss.xTasksWaitingTermination
                0x0000000020000f98       0x14 Middlewares/FreeRTOS/tasks.o
 .bss.uxDeletedTasksWaitingCleanUp
                0x0000000020000fac        0x4 Middlewares/FreeRTOS/tasks.o
 .bss.xSuspendedTaskList
                0x0000000020000fb0       0x14 Middlewares/FreeRTOS/tasks.o
 .bss.uxCurrentNumberOfTasks
                0x0000000020000fc4        0x4 Middlewares/FreeRTOS/tasks.o
 .bss.xTickCount
                0x0000000020000fc8        0x4 Middlewares/FreeRTOS/tasks.o
 .bss.uxTopReadyPriority
                0x0000000020000fcc        0x4 Middlewares/FreeRTOS/tasks.o
 .bss.xSchedulerRunning
                0x0000000020000fd0        0x4 Middlewares/FreeRTOS/tasks.o
 .bss.uxPendedTicks
                0x0000000020000fd4        0x4 Middlewares/FreeRTOS/tasks.o
 .bss.xYieldPending
                0x0000000020000fd8        0x4 Middlewares/FreeRTOS/tasks.o
 .bss.xNumOfOverflows
                0x0000000020000fdc        0x4 Middlewares/FreeRTOS/tasks.o
 .bss.uxTaskNumber
                0x0000000020000fe0        0x4 Middlewares/FreeRTOS/tasks.o
 .bss.xNextTaskUnblockTime
                0x0000000020000fe4        0x4 Middlewares/FreeRTOS/tasks.o
 .bss.xIdleTaskHandle
                0x0000000020000fe8        0x4 Middlewares/FreeRTOS/tasks.o
 .bss.uxSchedulerSuspended
                0x0000000020000fec        0x4 Middlewares/FreeRTOS/tasks.o
 *(COMMON)
 COMMON         0x0000000020000ff0      0x108 Core/Src/main.o
                0x0000000020000ff0                xStreamBuffer
                0x0000000020000ff4                enviaTaskHandle
                0x0000000020000ff8                habENVHandle
                0x0000000020000ffc                aquisitaTaskHandle
                0x0000000020001000                hrtc
                0x0000000020001014                hspi1
                0x000000002000106c                habAQHandle
                0x0000000020001070                hdma_spi1_rx
                0x00000000200010b4                hdma_spi1_tx
 COMMON         0x00000000200010f8       0x40 Core/Src/stm32f1xx_hal_timebase_tim.o
                0x00000000200010f8                htim2
 COMMON         0x0000000020001138        0x4 Drivers/STM32F1xx_HAL_Driver/stm32f1xx_hal.o
                0x0000000020001138                uwTick
                0x000000002000113c                . = ALIGN (0x4)
                0x000000002000113c                _ebss = .
                0x000000002000113c                __bss_end__ = _ebss

._user_heap_stack
                0x000000002000113c      0x604 load address 0x0000000008005e28
                0x0000000020001140                . = ALIGN (0x8)
 *fill*         0x000000002000113c        0x4 
                0x0000000020001140                PROVIDE (end = .)
                [!provide]                        PROVIDE (_end = .)
                0x0000000020001340                . = (. + _Min_Heap_Size)
 *fill*         0x0000000020001140      0x200 
                0x0000000020001740                . = (. + _Min_Stack_Size)
 *fill*         0x0000000020001340      0x400 
                0x0000000020001740                . = ALIGN (0x8)

/DISCARD/
 libc.a(*)
 libm.a(*)
 libgcc.a(*)

.ARM.attributes
                0x0000000000000000       0x29
 *(.ARM.attributes)
 .ARM.attributes
                0x0000000000000000       0x1d c:/st/stm32cubeide_1.3.0/stm32cubeide/plugins/com.st.stm32cube.ide.mcu.externaltools.gnu-tools-for-stm32.7-2018-q2-update.win32_1.0.0.201904181610/tools/bin/../lib/gcc/arm-none-eabi/7.3.1/thumb/v7-m/crti.o
 .ARM.attributes
                0x000000000000001d       0x2d c:/st/stm32cubeide_1.3.0/stm32cubeide/plugins/com.st.stm32cube.ide.mcu.externaltools.gnu-tools-for-stm32.7-2018-q2-update.win32_1.0.0.201904181610/tools/bin/../lib/gcc/arm-none-eabi/7.3.1/thumb/v7-m/crtbegin.o
 .ARM.attributes
                0x000000000000004a       0x33 Core/Src/freertos.o
 .ARM.attributes
                0x000000000000007d       0x33 Core/Src/main.o
 .ARM.attributes
                0x00000000000000b0       0x33 Core/Src/stm32f1xx_hal_msp.o
 .ARM.attributes
                0x00000000000000e3       0x33 Core/Src/stm32f1xx_hal_timebase_tim.o
 .ARM.attributes
                0x0000000000000116       0x33 Core/Src/stm32f1xx_it.o
 .ARM.attributes
                0x0000000000000149       0x33 Core/Src/system_stm32f1xx.o
 .ARM.attributes
                0x000000000000017c       0x21 Core/Startup/startup_stm32f103c8tx.o
 .ARM.attributes
                0x000000000000019d       0x33 Drivers/STM32F1xx_HAL_Driver/stm32f1xx_hal.o
 .ARM.attributes
                0x00000000000001d0       0x33 Drivers/STM32F1xx_HAL_Driver/stm32f1xx_hal_cortex.o
 .ARM.attributes
                0x0000000000000203       0x33 Drivers/STM32F1xx_HAL_Driver/stm32f1xx_hal_dma.o
 .ARM.attributes
                0x0000000000000236       0x33 Drivers/STM32F1xx_HAL_Driver/stm32f1xx_hal_gpio.o
 .ARM.attributes
                0x0000000000000269       0x33 Drivers/STM32F1xx_HAL_Driver/stm32f1xx_hal_pwr.o
 .ARM.attributes
                0x000000000000029c       0x33 Drivers/STM32F1xx_HAL_Driver/stm32f1xx_hal_rcc.o
 .ARM.attributes
                0x00000000000002cf       0x33 Drivers/STM32F1xx_HAL_Driver/stm32f1xx_hal_rcc_ex.o
 .ARM.attributes
                0x0000000000000302       0x33 Drivers/STM32F1xx_HAL_Driver/stm32f1xx_hal_rtc.o
 .ARM.attributes
                0x0000000000000335       0x33 Drivers/STM32F1xx_HAL_Driver/stm32f1xx_hal_spi.o
 .ARM.attributes
                0x0000000000000368       0x33 Drivers/STM32F1xx_HAL_Driver/stm32f1xx_hal_tim.o
 .ARM.attributes
                0x000000000000039b       0x33 Drivers/STM32F1xx_HAL_Driver/stm32f1xx_hal_tim_ex.o
 .ARM.attributes
                0x00000000000003ce       0x33 Middlewares/FreeRTOS/cmsis_os.o
 .ARM.attributes
                0x0000000000000401       0x33 Middlewares/FreeRTOS/heap_4.o
 .ARM.attributes
                0x0000000000000434       0x33 Middlewares/FreeRTOS/list.o
 .ARM.attributes
                0x0000000000000467       0x33 Middlewares/FreeRTOS/port.o
 .ARM.attributes
                0x000000000000049a       0x33 Middlewares/FreeRTOS/queue.o
 .ARM.attributes
                0x00000000000004cd       0x33 Middlewares/FreeRTOS/stream_buffer.o
 .ARM.attributes
                0x0000000000000500       0x33 Middlewares/FreeRTOS/tasks.o
 .ARM.attributes
                0x0000000000000533       0x2d c:/st/stm32cubeide_1.3.0/stm32cubeide/plugins/com.st.stm32cube.ide.mcu.externaltools.gnu-tools-for-stm32.7-2018-q2-update.win32_1.0.0.201904181610/tools/bin/../lib/gcc/arm-none-eabi/7.3.1/../../../../arm-none-eabi/lib/thumb/v7-m\libc_nano.a(lib_a-init.o)
 .ARM.attributes
                0x0000000000000560       0x2d c:/st/stm32cubeide_1.3.0/stm32cubeide/plugins/com.st.stm32cube.ide.mcu.externaltools.gnu-tools-for-stm32.7-2018-q2-update.win32_1.0.0.201904181610/tools/bin/../lib/gcc/arm-none-eabi/7.3.1/../../../../arm-none-eabi/lib/thumb/v7-m\libc_nano.a(lib_a-memcpy-stub.o)
 .ARM.attributes
                0x000000000000058d       0x2d c:/st/stm32cubeide_1.3.0/stm32cubeide/plugins/com.st.stm32cube.ide.mcu.externaltools.gnu-tools-for-stm32.7-2018-q2-update.win32_1.0.0.201904181610/tools/bin/../lib/gcc/arm-none-eabi/7.3.1/../../../../arm-none-eabi/lib/thumb/v7-m\libc_nano.a(lib_a-memset.o)
 .ARM.attributes
                0x00000000000005ba       0x1d c:/st/stm32cubeide_1.3.0/stm32cubeide/plugins/com.st.stm32cube.ide.mcu.externaltools.gnu-tools-for-stm32.7-2018-q2-update.win32_1.0.0.201904181610/tools/bin/../lib/gcc/arm-none-eabi/7.3.1/thumb/v7-m/crtn.o
OUTPUT(ad7606_ADCT_buf_allAD_spi.elf elf32-littlearm)

.debug_info     0x0000000000000000    0x15ec8
 .debug_info    0x0000000000000000      0x334 Core/Src/freertos.o
 .debug_info    0x0000000000000334     0x1676 Core/Src/main.o
 .debug_info    0x00000000000019aa      0xc23 Core/Src/stm32f1xx_hal_msp.o
 .debug_info    0x00000000000025cd      0x8e8 Core/Src/stm32f1xx_hal_timebase_tim.o
 .debug_info    0x0000000000002eb5      0x94e Core/Src/stm32f1xx_it.o
 .debug_info    0x0000000000003803      0x433 Core/Src/system_stm32f1xx.o
 .debug_info    0x0000000000003c36       0x22 Core/Startup/startup_stm32f103c8tx.o
 .debug_info    0x0000000000003c58      0x6fe Drivers/STM32F1xx_HAL_Driver/stm32f1xx_hal.o
 .debug_info    0x0000000000004356      0xb46 Drivers/STM32F1xx_HAL_Driver/stm32f1xx_hal_cortex.o
 .debug_info    0x0000000000004e9c      0x7a6 Drivers/STM32F1xx_HAL_Driver/stm32f1xx_hal_dma.o
 .debug_info    0x0000000000005642      0x681 Drivers/STM32F1xx_HAL_Driver/stm32f1xx_hal_gpio.o
 .debug_info    0x0000000000005cc3      0x6d7 Drivers/STM32F1xx_HAL_Driver/stm32f1xx_hal_pwr.o
 .debug_info    0x000000000000639a      0x804 Drivers/STM32F1xx_HAL_Driver/stm32f1xx_hal_rcc.o
 .debug_info    0x0000000000006b9e      0x439 Drivers/STM32F1xx_HAL_Driver/stm32f1xx_hal_rcc_ex.o
 .debug_info    0x0000000000006fd7      0xd24 Drivers/STM32F1xx_HAL_Driver/stm32f1xx_hal_rtc.o
 .debug_info    0x0000000000007cfb     0x153a Drivers/STM32F1xx_HAL_Driver/stm32f1xx_hal_spi.o
 .debug_info    0x0000000000009235     0x2456 Drivers/STM32F1xx_HAL_Driver/stm32f1xx_hal_tim.o
 .debug_info    0x000000000000b68b     0x1104 Drivers/STM32F1xx_HAL_Driver/stm32f1xx_hal_tim_ex.o
 .debug_info    0x000000000000c78f     0x1e5d Middlewares/FreeRTOS/cmsis_os.o
 .debug_info    0x000000000000e5ec      0xbea Middlewares/FreeRTOS/heap_4.o
 .debug_info    0x000000000000f1d6      0xac5 Middlewares/FreeRTOS/list.o
 .debug_info    0x000000000000fc9b      0x4d2 Middlewares/FreeRTOS/port.o
 .debug_info    0x000000000001016d     0x1f2d Middlewares/FreeRTOS/queue.o
 .debug_info    0x000000000001209a     0x19f2 Middlewares/FreeRTOS/stream_buffer.o
 .debug_info    0x0000000000013a8c     0x243c Middlewares/FreeRTOS/tasks.o

.debug_abbrev   0x0000000000000000     0x33d0
 .debug_abbrev  0x0000000000000000      0x109 Core/Src/freertos.o
 .debug_abbrev  0x0000000000000109      0x27d Core/Src/main.o
 .debug_abbrev  0x0000000000000386      0x1af Core/Src/stm32f1xx_hal_msp.o
 .debug_abbrev  0x0000000000000535      0x19d Core/Src/stm32f1xx_hal_timebase_tim.o
 .debug_abbrev  0x00000000000006d2      0x169 Core/Src/stm32f1xx_it.o
 .debug_abbrev  0x000000000000083b      0x134 Core/Src/system_stm32f1xx.o
 .debug_abbrev  0x000000000000096f       0x12 Core/Startup/startup_stm32f103c8tx.o
 .debug_abbrev  0x0000000000000981      0x1d8 Drivers/STM32F1xx_HAL_Driver/stm32f1xx_hal.o
 .debug_abbrev  0x0000000000000b59      0x2d5 Drivers/STM32F1xx_HAL_Driver/stm32f1xx_hal_cortex.o
 .debug_abbrev  0x0000000000000e2e      0x1fe Drivers/STM32F1xx_HAL_Driver/stm32f1xx_hal_dma.o
 .debug_abbrev  0x000000000000102c      0x1c0 Drivers/STM32F1xx_HAL_Driver/stm32f1xx_hal_gpio.o
 .debug_abbrev  0x00000000000011ec      0x1f2 Drivers/STM32F1xx_HAL_Driver/stm32f1xx_hal_pwr.o
 .debug_abbrev  0x00000000000013de      0x243 Drivers/STM32F1xx_HAL_Driver/stm32f1xx_hal_rcc.o
 .debug_abbrev  0x0000000000001621      0x175 Drivers/STM32F1xx_HAL_Driver/stm32f1xx_hal_rcc_ex.o
 .debug_abbrev  0x0000000000001796      0x20a Drivers/STM32F1xx_HAL_Driver/stm32f1xx_hal_rtc.o
 .debug_abbrev  0x00000000000019a0      0x240 Drivers/STM32F1xx_HAL_Driver/stm32f1xx_hal_spi.o
 .debug_abbrev  0x0000000000001be0      0x230 Drivers/STM32F1xx_HAL_Driver/stm32f1xx_hal_tim.o
 .debug_abbrev  0x0000000000001e10      0x21e Drivers/STM32F1xx_HAL_Driver/stm32f1xx_hal_tim_ex.o
 .debug_abbrev  0x000000000000202e      0x379 Middlewares/FreeRTOS/cmsis_os.o
 .debug_abbrev  0x00000000000023a7      0x29e Middlewares/FreeRTOS/heap_4.o
 .debug_abbrev  0x0000000000002645      0x1cf Middlewares/FreeRTOS/list.o
 .debug_abbrev  0x0000000000002814      0x205 Middlewares/FreeRTOS/port.o
 .debug_abbrev  0x0000000000002a19      0x354 Middlewares/FreeRTOS/queue.o
 .debug_abbrev  0x0000000000002d6d      0x32b Middlewares/FreeRTOS/stream_buffer.o
 .debug_abbrev  0x0000000000003098      0x338 Middlewares/FreeRTOS/tasks.o

.debug_aranges  0x0000000000000000     0x1438
 .debug_aranges
                0x0000000000000000       0x20 Core/Src/freertos.o
 .debug_aranges
                0x0000000000000020       0xb0 Core/Src/main.o
 .debug_aranges
                0x00000000000000d0       0x40 Core/Src/stm32f1xx_hal_msp.o
 .debug_aranges
                0x0000000000000110       0x30 Core/Src/stm32f1xx_hal_timebase_tim.o
 .debug_aranges
                0x0000000000000140       0x78 Core/Src/stm32f1xx_it.o
 .debug_aranges
                0x00000000000001b8       0x28 Core/Src/system_stm32f1xx.o
 .debug_aranges
                0x00000000000001e0       0x28 Core/Startup/startup_stm32f103c8tx.o
 .debug_aranges
                0x0000000000000208       0xe0 Drivers/STM32F1xx_HAL_Driver/stm32f1xx_hal.o
 .debug_aranges
                0x00000000000002e8      0x100 Drivers/STM32F1xx_HAL_Driver/stm32f1xx_hal_cortex.o
 .debug_aranges
                0x00000000000003e8       0x80 Drivers/STM32F1xx_HAL_Driver/stm32f1xx_hal_dma.o
 .debug_aranges
                0x0000000000000468       0x58 Drivers/STM32F1xx_HAL_Driver/stm32f1xx_hal_gpio.o
 .debug_aranges
                0x00000000000004c0       0xa8 Drivers/STM32F1xx_HAL_Driver/stm32f1xx_hal_pwr.o
 .debug_aranges
                0x0000000000000568       0x90 Drivers/STM32F1xx_HAL_Driver/stm32f1xx_hal_rcc.o
 .debug_aranges
                0x00000000000005f8       0x30 Drivers/STM32F1xx_HAL_Driver/stm32f1xx_hal_rcc_ex.o
 .debug_aranges
                0x0000000000000628       0xf8 Drivers/STM32F1xx_HAL_Driver/stm32f1xx_hal_rtc.o
 .debug_aranges
                0x0000000000000720      0x1d0 Drivers/STM32F1xx_HAL_Driver/stm32f1xx_hal_spi.o
 .debug_aranges
                0x00000000000008f0      0x3a8 Drivers/STM32F1xx_HAL_Driver/stm32f1xx_hal_tim.o
 .debug_aranges
                0x0000000000000c98      0x150 Drivers/STM32F1xx_HAL_Driver/stm32f1xx_hal_tim_ex.o
 .debug_aranges
                0x0000000000000de8      0x1d8 Middlewares/FreeRTOS/cmsis_os.o
 .debug_aranges
                0x0000000000000fc0       0x50 Middlewares/FreeRTOS/heap_4.o
 .debug_aranges
                0x0000000000001010       0x40 Middlewares/FreeRTOS/list.o
 .debug_aranges
                0x0000000000001050       0x78 Middlewares/FreeRTOS/port.o
 .debug_aranges
                0x00000000000010c8      0x108 Middlewares/FreeRTOS/queue.o
 .debug_aranges
                0x00000000000011d0       0xc0 Middlewares/FreeRTOS/stream_buffer.o
 .debug_aranges
                0x0000000000001290      0x1a8 Middlewares/FreeRTOS/tasks.o

.debug_ranges   0x0000000000000000     0x12b0
 .debug_ranges  0x0000000000000000       0x10 Core/Src/freertos.o
 .debug_ranges  0x0000000000000010       0xa0 Core/Src/main.o
 .debug_ranges  0x00000000000000b0       0x30 Core/Src/stm32f1xx_hal_msp.o
 .debug_ranges  0x00000000000000e0       0x20 Core/Src/stm32f1xx_hal_timebase_tim.o
 .debug_ranges  0x0000000000000100       0x68 Core/Src/stm32f1xx_it.o
 .debug_ranges  0x0000000000000168       0x18 Core/Src/system_stm32f1xx.o
 .debug_ranges  0x0000000000000180       0x20 Core/Startup/startup_stm32f103c8tx.o
 .debug_ranges  0x00000000000001a0       0xd0 Drivers/STM32F1xx_HAL_Driver/stm32f1xx_hal.o
 .debug_ranges  0x0000000000000270       0xf0 Drivers/STM32F1xx_HAL_Driver/stm32f1xx_hal_cortex.o
 .debug_ranges  0x0000000000000360       0x70 Drivers/STM32F1xx_HAL_Driver/stm32f1xx_hal_dma.o
 .debug_ranges  0x00000000000003d0       0x48 Drivers/STM32F1xx_HAL_Driver/stm32f1xx_hal_gpio.o
 .debug_ranges  0x0000000000000418       0x98 Drivers/STM32F1xx_HAL_Driver/stm32f1xx_hal_pwr.o
 .debug_ranges  0x00000000000004b0       0x80 Drivers/STM32F1xx_HAL_Driver/stm32f1xx_hal_rcc.o
 .debug_ranges  0x0000000000000530       0x20 Drivers/STM32F1xx_HAL_Driver/stm32f1xx_hal_rcc_ex.o
 .debug_ranges  0x0000000000000550       0xe8 Drivers/STM32F1xx_HAL_Driver/stm32f1xx_hal_rtc.o
 .debug_ranges  0x0000000000000638      0x1c0 Drivers/STM32F1xx_HAL_Driver/stm32f1xx_hal_spi.o
 .debug_ranges  0x00000000000007f8      0x398 Drivers/STM32F1xx_HAL_Driver/stm32f1xx_hal_tim.o
 .debug_ranges  0x0000000000000b90      0x140 Drivers/STM32F1xx_HAL_Driver/stm32f1xx_hal_tim_ex.o
 .debug_ranges  0x0000000000000cd0      0x1c8 Middlewares/FreeRTOS/cmsis_os.o
 .debug_ranges  0x0000000000000e98       0x40 Middlewares/FreeRTOS/heap_4.o
 .debug_ranges  0x0000000000000ed8       0x30 Middlewares/FreeRTOS/list.o
 .debug_ranges  0x0000000000000f08       0x68 Middlewares/FreeRTOS/port.o
 .debug_ranges  0x0000000000000f70       0xf8 Middlewares/FreeRTOS/queue.o
 .debug_ranges  0x0000000000001068       0xb0 Middlewares/FreeRTOS/stream_buffer.o
 .debug_ranges  0x0000000000001118      0x198 Middlewares/FreeRTOS/tasks.o

.debug_macro    0x0000000000000000    0x16039
 .debug_macro   0x0000000000000000      0x225 Core/Src/freertos.o
 .debug_macro   0x0000000000000225      0xa5a Core/Src/freertos.o
 .debug_macro   0x0000000000000c7f      0x174 Core/Src/freertos.o
 .debug_macro   0x0000000000000df3       0x22 Core/Src/freertos.o
 .debug_macro   0x0000000000000e15       0x8e Core/Src/freertos.o
 .debug_macro   0x0000000000000ea3       0x51 Core/Src/freertos.o
 .debug_macro   0x0000000000000ef4       0xef Core/Src/freertos.o
 .debug_macro   0x0000000000000fe3       0x6a Core/Src/freertos.o
 .debug_macro   0x000000000000104d      0x1df Core/Src/freertos.o
 .debug_macro   0x000000000000122c       0xd6 Core/Src/freertos.o
 .debug_macro   0x0000000000001302      0x15a Core/Src/freertos.o
 .debug_macro   0x000000000000145c       0xd7 Core/Src/freertos.o
 .debug_macro   0x0000000000001533       0x10 Core/Src/freertos.o
 .debug_macro   0x0000000000001543       0x1f Core/Src/freertos.o
 .debug_macro   0x0000000000001562      0x4b7 Core/Src/freertos.o
 .debug_macro   0x0000000000001a19       0xb5 Core/Src/freertos.o
 .debug_macro   0x0000000000001ace       0x8c Core/Src/freertos.o
 .debug_macro   0x0000000000001b5a      0x227 Core/Src/freertos.o
 .debug_macro   0x0000000000001d81       0x2e Core/Src/freertos.o
 .debug_macro   0x0000000000001daf       0x22 Core/Src/freertos.o
 .debug_macro   0x0000000000001dd1       0x1c Core/Src/freertos.o
 .debug_macro   0x0000000000001ded       0x22 Core/Src/freertos.o
 .debug_macro   0x0000000000001e0f       0xc3 Core/Src/freertos.o
 .debug_macro   0x0000000000001ed2      0xd23 Core/Src/freertos.o
 .debug_macro   0x0000000000002bf5     0xe09e Core/Src/freertos.o
 .debug_macro   0x0000000000010c93       0x43 Core/Src/freertos.o
 .debug_macro   0x0000000000010cd6       0x5a Core/Src/freertos.o
 .debug_macro   0x0000000000010d30      0x5be Core/Src/freertos.o
 .debug_macro   0x00000000000112ee      0x289 Core/Src/freertos.o
 .debug_macro   0x0000000000011577      0x1cb Core/Src/freertos.o
 .debug_macro   0x0000000000011742      0x114 Core/Src/freertos.o
 .debug_macro   0x0000000000011856      0x1b2 Core/Src/freertos.o
 .debug_macro   0x0000000000011a08       0x27 Core/Src/freertos.o
 .debug_macro   0x0000000000011a2f      0x136 Core/Src/freertos.o
 .debug_macro   0x0000000000011b65      0x1bc Core/Src/freertos.o
 .debug_macro   0x0000000000011d21       0x34 Core/Src/freertos.o
 .debug_macro   0x0000000000011d55       0x3c Core/Src/freertos.o
 .debug_macro   0x0000000000011d91       0x57 Core/Src/freertos.o
 .debug_macro   0x0000000000011de8       0x88 Core/Src/freertos.o
 .debug_macro   0x0000000000011e70      0x241 Core/Src/freertos.o
 .debug_macro   0x00000000000120b1      0x141 Core/Src/freertos.o
 .debug_macro   0x00000000000121f2      0x1ef Core/Src/freertos.o
 .debug_macro   0x00000000000123e1       0xec Core/Src/freertos.o
 .debug_macro   0x00000000000124cd      0x217 Core/Src/freertos.o
 .debug_macro   0x00000000000126e4      0x88b Core/Src/freertos.o
 .debug_macro   0x0000000000012f6f       0x83 Core/Src/freertos.o
 .debug_macro   0x0000000000012ff2      0x148 Core/Src/freertos.o
 .debug_macro   0x000000000001313a      0x279 Core/Src/main.o
 .debug_macro   0x00000000000133b3       0xd6 Core/Src/main.o
 .debug_macro   0x0000000000013489       0x91 Core/Src/main.o
 .debug_macro   0x000000000001351a       0x8d Core/Src/main.o
 .debug_macro   0x00000000000135a7       0x7e Core/Src/main.o
 .debug_macro   0x0000000000013625       0x19 Core/Src/main.o
 .debug_macro   0x000000000001363e       0xf2 Core/Src/main.o
 .debug_macro   0x0000000000013730       0x18 Core/Src/main.o
 .debug_macro   0x0000000000013748      0x1bd Core/Src/stm32f1xx_hal_msp.o
 .debug_macro   0x0000000000013905      0x1ae Core/Src/stm32f1xx_hal_timebase_tim.o
 .debug_macro   0x0000000000013ab3      0x22f Core/Src/stm32f1xx_it.o
 .debug_macro   0x0000000000013ce2      0x1b4 Core/Src/system_stm32f1xx.o
 .debug_macro   0x0000000000013e96      0x1d2 Drivers/STM32F1xx_HAL_Driver/stm32f1xx_hal.o
 .debug_macro   0x0000000000014068      0x1ae Drivers/STM32F1xx_HAL_Driver/stm32f1xx_hal_cortex.o
 .debug_macro   0x0000000000014216      0x1ae Drivers/STM32F1xx_HAL_Driver/stm32f1xx_hal_dma.o
 .debug_macro   0x00000000000143c4      0x219 Drivers/STM32F1xx_HAL_Driver/stm32f1xx_hal_gpio.o
 .debug_macro   0x00000000000145dd      0x20e Drivers/STM32F1xx_HAL_Driver/stm32f1xx_hal_pwr.o
 .debug_macro   0x00000000000147eb      0x1c0 Drivers/STM32F1xx_HAL_Driver/stm32f1xx_hal_rcc.o
 .debug_macro   0x00000000000149ab      0x1ae Drivers/STM32F1xx_HAL_Driver/stm32f1xx_hal_rcc_ex.o
 .debug_macro   0x0000000000014b59      0x1bd Drivers/STM32F1xx_HAL_Driver/stm32f1xx_hal_rtc.o
 .debug_macro   0x0000000000014d16      0x1b6 Drivers/STM32F1xx_HAL_Driver/stm32f1xx_hal_spi.o
 .debug_macro   0x0000000000014ecc      0x1af Drivers/STM32F1xx_HAL_Driver/stm32f1xx_hal_tim.o
 .debug_macro   0x000000000001507b      0x1ae Drivers/STM32F1xx_HAL_Driver/stm32f1xx_hal_tim_ex.o
 .debug_macro   0x0000000000015229      0x1f1 Middlewares/FreeRTOS/cmsis_os.o
 .debug_macro   0x000000000001541a       0x10 Middlewares/FreeRTOS/cmsis_os.o
 .debug_macro   0x000000000001542a       0x20 Middlewares/FreeRTOS/cmsis_os.o
 .debug_macro   0x000000000001544a       0xab Middlewares/FreeRTOS/cmsis_os.o
 .debug_macro   0x00000000000154f5      0x1a1 Middlewares/FreeRTOS/heap_4.o
 .debug_macro   0x0000000000015696      0x17a Middlewares/FreeRTOS/list.o
 .debug_macro   0x0000000000015810      0x172 Middlewares/FreeRTOS/port.o
 .debug_macro   0x0000000000015982      0x205 Middlewares/FreeRTOS/queue.o
 .debug_macro   0x0000000000015b87       0x16 Middlewares/FreeRTOS/queue.o
 .debug_macro   0x0000000000015b9d      0x1d3 Middlewares/FreeRTOS/stream_buffer.o
 .debug_macro   0x0000000000015d70       0x46 Middlewares/FreeRTOS/stream_buffer.o
 .debug_macro   0x0000000000015db6      0x273 Middlewares/FreeRTOS/tasks.o
 .debug_macro   0x0000000000016029       0x10 Middlewares/FreeRTOS/tasks.o

.debug_line     0x0000000000000000    0x10c33
 .debug_line    0x0000000000000000      0x89a Core/Src/freertos.o
 .debug_line    0x000000000000089a      0xb60 Core/Src/main.o
 .debug_line    0x00000000000013fa      0x799 Core/Src/stm32f1xx_hal_msp.o
 .debug_line    0x0000000000001b93      0x757 Core/Src/stm32f1xx_hal_timebase_tim.o
 .debug_line    0x00000000000022ea      0x97f Core/Src/stm32f1xx_it.o
 .debug_line    0x0000000000002c69      0x754 Core/Src/system_stm32f1xx.o
 .debug_line    0x00000000000033bd       0x84 Core/Startup/startup_stm32f103c8tx.o
 .debug_line    0x0000000000003441      0x93b Drivers/STM32F1xx_HAL_Driver/stm32f1xx_hal.o
 .debug_line    0x0000000000003d7c      0xa14 Drivers/STM32F1xx_HAL_Driver/stm32f1xx_hal_cortex.o
 .debug_line    0x0000000000004790      0xba2 Drivers/STM32F1xx_HAL_Driver/stm32f1xx_hal_dma.o
 .debug_line    0x0000000000005332      0x93b Drivers/STM32F1xx_HAL_Driver/stm32f1xx_hal_gpio.o
 .debug_line    0x0000000000005c6d      0x8e0 Drivers/STM32F1xx_HAL_Driver/stm32f1xx_hal_pwr.o
 .debug_line    0x000000000000654d      0x9fd Drivers/STM32F1xx_HAL_Driver/stm32f1xx_hal_rcc.o
 .debug_line    0x0000000000006f4a      0x81b Drivers/STM32F1xx_HAL_Driver/stm32f1xx_hal_rcc_ex.o
 .debug_line    0x0000000000007765      0xbe8 Drivers/STM32F1xx_HAL_Driver/stm32f1xx_hal_rtc.o
 .debug_line    0x000000000000834d     0x1109 Drivers/STM32F1xx_HAL_Driver/stm32f1xx_hal_spi.o
 .debug_line    0x0000000000009456     0x1801 Drivers/STM32F1xx_HAL_Driver/stm32f1xx_hal_tim.o
 .debug_line    0x000000000000ac57      0xd4e Drivers/STM32F1xx_HAL_Driver/stm32f1xx_hal_tim_ex.o
 .debug_line    0x000000000000b9a5      0xdbb Middlewares/FreeRTOS/cmsis_os.o
 .debug_line    0x000000000000c760      0x80e Middlewares/FreeRTOS/heap_4.o
 .debug_line    0x000000000000cf6e      0x728 Middlewares/FreeRTOS/list.o
 .debug_line    0x000000000000d696      0x6db Middlewares/FreeRTOS/port.o
 .debug_line    0x000000000000dd71     0x1029 Middlewares/FreeRTOS/queue.o
 .debug_line    0x000000000000ed9a      0xc6a Middlewares/FreeRTOS/stream_buffer.o
 .debug_line    0x000000000000fa04     0x122f Middlewares/FreeRTOS/tasks.o

.debug_str      0x0000000000000000    0x7c8a9
 .debug_str     0x0000000000000000    0x6f84b Core/Src/freertos.o
                                      0x6fb46 (size before relaxing)
 .debug_str     0x000000000006f84b     0x328f Core/Src/main.o
                                      0x72e8a (size before relaxing)
 .debug_str     0x0000000000072ada       0xa3 Core/Src/stm32f1xx_hal_msp.o
                                      0x6c928 (size before relaxing)
 .debug_str     0x0000000000072b7d       0xaa Core/Src/stm32f1xx_hal_timebase_tim.o
                                      0x6c392 (size before relaxing)
 .debug_str     0x0000000000072c27      0x106 Core/Src/stm32f1xx_it.o
                                      0x700b1 (size before relaxing)
 .debug_str     0x0000000000072d2d       0xc2 Core/Src/system_stm32f1xx.o
                                      0x6bcb0 (size before relaxing)
 .debug_str     0x0000000000072def       0x36 Core/Startup/startup_stm32f103c8tx.o
                                         0x89 (size before relaxing)
 .debug_str     0x0000000000072e25      0x3b9 Drivers/STM32F1xx_HAL_Driver/stm32f1xx_hal.o
                                      0x6c300 (size before relaxing)
 .debug_str     0x00000000000731de      0x2fe Drivers/STM32F1xx_HAL_Driver/stm32f1xx_hal_cortex.o
                                      0x6c30e (size before relaxing)
 .debug_str     0x00000000000734dc      0x27e Drivers/STM32F1xx_HAL_Driver/stm32f1xx_hal_dma.o
                                      0x6c050 (size before relaxing)
 .debug_str     0x000000000007375a      0x33e Drivers/STM32F1xx_HAL_Driver/stm32f1xx_hal_gpio.o
                                      0x6c039 (size before relaxing)
 .debug_str     0x0000000000073a98      0x558 Drivers/STM32F1xx_HAL_Driver/stm32f1xx_hal_pwr.o
                                      0x6c1d8 (size before relaxing)
 .debug_str     0x0000000000073ff0      0x28c Drivers/STM32F1xx_HAL_Driver/stm32f1xx_hal_rcc.o
                                      0x6c072 (size before relaxing)
 .debug_str     0x000000000007427c       0xf8 Drivers/STM32F1xx_HAL_Driver/stm32f1xx_hal_rcc_ex.o
                                      0x6bdff (size before relaxing)
 .debug_str     0x0000000000074374      0x3aa Drivers/STM32F1xx_HAL_Driver/stm32f1xx_hal_rtc.o
                                      0x6c185 (size before relaxing)
 .debug_str     0x000000000007471e      0x56e Drivers/STM32F1xx_HAL_Driver/stm32f1xx_hal_spi.o
                                      0x6c560 (size before relaxing)
 .debug_str     0x0000000000074c8c      0xe17 Drivers/STM32F1xx_HAL_Driver/stm32f1xx_hal_tim.o
                                      0x6ce3d (size before relaxing)
 .debug_str     0x0000000000075aa3      0x5b8 Drivers/STM32F1xx_HAL_Driver/stm32f1xx_hal_tim_ex.o
                                      0x6c63d (size before relaxing)
 .debug_str     0x000000000007605b     0x36e7 Middlewares/FreeRTOS/cmsis_os.o
                                       0xdbd5 (size before relaxing)
 .debug_str     0x0000000000079742      0x3eb Middlewares/FreeRTOS/heap_4.o
                                       0xac3d (size before relaxing)
 .debug_str     0x0000000000079b2d      0x16d Middlewares/FreeRTOS/list.o
                                       0xa51a (size before relaxing)
 .debug_str     0x0000000000079c9a      0x747 Middlewares/FreeRTOS/port.o
                                       0x80fe (size before relaxing)
 .debug_str     0x000000000007a3e1      0x7b7 Middlewares/FreeRTOS/queue.o
                                       0xbbce (size before relaxing)
 .debug_str     0x000000000007ab98      0xb22 Middlewares/FreeRTOS/stream_buffer.o
                                       0xb778 (size before relaxing)
 .debug_str     0x000000000007b6ba     0x11ef Middlewares/FreeRTOS/tasks.o
                                       0xc707 (size before relaxing)

.comment        0x0000000000000000       0x7b
 .comment       0x0000000000000000       0x7b Core/Src/freertos.o
                                         0x7c (size before relaxing)
 .comment       0x000000000000007b       0x7c Core/Src/main.o
 .comment       0x000000000000007b       0x7c Core/Src/stm32f1xx_hal_msp.o
 .comment       0x000000000000007b       0x7c Core/Src/stm32f1xx_hal_timebase_tim.o
 .comment       0x000000000000007b       0x7c Core/Src/stm32f1xx_it.o
 .comment       0x000000000000007b       0x7c Core/Src/system_stm32f1xx.o
 .comment       0x000000000000007b       0x7c Drivers/STM32F1xx_HAL_Driver/stm32f1xx_hal.o
 .comment       0x000000000000007b       0x7c Drivers/STM32F1xx_HAL_Driver/stm32f1xx_hal_cortex.o
 .comment       0x000000000000007b       0x7c Drivers/STM32F1xx_HAL_Driver/stm32f1xx_hal_dma.o
 .comment       0x000000000000007b       0x7c Drivers/STM32F1xx_HAL_Driver/stm32f1xx_hal_gpio.o
 .comment       0x000000000000007b       0x7c Drivers/STM32F1xx_HAL_Driver/stm32f1xx_hal_pwr.o
 .comment       0x000000000000007b       0x7c Drivers/STM32F1xx_HAL_Driver/stm32f1xx_hal_rcc.o
 .comment       0x000000000000007b       0x7c Drivers/STM32F1xx_HAL_Driver/stm32f1xx_hal_rcc_ex.o
 .comment       0x000000000000007b       0x7c Drivers/STM32F1xx_HAL_Driver/stm32f1xx_hal_rtc.o
 .comment       0x000000000000007b       0x7c Drivers/STM32F1xx_HAL_Driver/stm32f1xx_hal_spi.o
 .comment       0x000000000000007b       0x7c Drivers/STM32F1xx_HAL_Driver/stm32f1xx_hal_tim.o
 .comment       0x000000000000007b       0x7c Drivers/STM32F1xx_HAL_Driver/stm32f1xx_hal_tim_ex.o
 .comment       0x000000000000007b       0x7c Middlewares/FreeRTOS/cmsis_os.o
 .comment       0x000000000000007b       0x7c Middlewares/FreeRTOS/heap_4.o
 .comment       0x000000000000007b       0x7c Middlewares/FreeRTOS/list.o
 .comment       0x000000000000007b       0x7c Middlewares/FreeRTOS/port.o
 .comment       0x000000000000007b       0x7c Middlewares/FreeRTOS/queue.o
 .comment       0x000000000000007b       0x7c Middlewares/FreeRTOS/stream_buffer.o
 .comment       0x000000000000007b       0x7c Middlewares/FreeRTOS/tasks.o

.debug_frame    0x0000000000000000     0x5328
 .debug_frame   0x0000000000000000       0x38 Core/Src/freertos.o
 .debug_frame   0x0000000000000038      0x284 Core/Src/main.o
 .debug_frame   0x00000000000002bc       0xc8 Core/Src/stm32f1xx_hal_msp.o
 .debug_frame   0x0000000000000384       0x74 Core/Src/stm32f1xx_hal_timebase_tim.o
 .debug_frame   0x00000000000003f8      0x158 Core/Src/stm32f1xx_it.o
 .debug_frame   0x0000000000000550       0x58 Core/Src/system_stm32f1xx.o
 .debug_frame   0x00000000000005a8      0x334 Drivers/STM32F1xx_HAL_Driver/stm32f1xx_hal.o
 .debug_frame   0x00000000000008dc      0x428 Drivers/STM32F1xx_HAL_Driver/stm32f1xx_hal_cortex.o
 .debug_frame   0x0000000000000d04      0x208 Drivers/STM32F1xx_HAL_Driver/stm32f1xx_hal_dma.o
 .debug_frame   0x0000000000000f0c      0x14c Drivers/STM32F1xx_HAL_Driver/stm32f1xx_hal_gpio.o
 .debug_frame   0x0000000000001058      0x270 Drivers/STM32F1xx_HAL_Driver/stm32f1xx_hal_pwr.o
 .debug_frame   0x00000000000012c8      0x21c Drivers/STM32F1xx_HAL_Driver/stm32f1xx_hal_rcc.o
 .debug_frame   0x00000000000014e4       0x84 Drivers/STM32F1xx_HAL_Driver/stm32f1xx_hal_rcc_ex.o
 .debug_frame   0x0000000000001568      0x434 Drivers/STM32F1xx_HAL_Driver/stm32f1xx_hal_rtc.o
 .debug_frame   0x000000000000199c      0x824 Drivers/STM32F1xx_HAL_Driver/stm32f1xx_hal_spi.o
 .debug_frame   0x00000000000021c0     0x10e8 Drivers/STM32F1xx_HAL_Driver/stm32f1xx_hal_tim.o
 .debug_frame   0x00000000000032a8      0x5c0 Drivers/STM32F1xx_HAL_Driver/stm32f1xx_hal_tim_ex.o
 .debug_frame   0x0000000000003868      0x80c Middlewares/FreeRTOS/cmsis_os.o
 .debug_frame   0x0000000000004074      0x108 Middlewares/FreeRTOS/heap_4.o
 .debug_frame   0x000000000000417c       0xd8 Middlewares/FreeRTOS/list.o
 .debug_frame   0x0000000000004254      0x198 Middlewares/FreeRTOS/port.o
 .debug_frame   0x00000000000043ec      0x46c Middlewares/FreeRTOS/queue.o
 .debug_frame   0x0000000000004858      0x328 Middlewares/FreeRTOS/stream_buffer.o
 .debug_frame   0x0000000000004b80      0x734 Middlewares/FreeRTOS/tasks.o
 .debug_frame   0x00000000000052b4       0x2c c:/st/stm32cubeide_1.3.0/stm32cubeide/plugins/com.st.stm32cube.ide.mcu.externaltools.gnu-tools-for-stm32.7-2018-q2-update.win32_1.0.0.201904181610/tools/bin/../lib/gcc/arm-none-eabi/7.3.1/../../../../arm-none-eabi/lib/thumb/v7-m\libc_nano.a(lib_a-init.o)
 .debug_frame   0x00000000000052e0       0x28 c:/st/stm32cubeide_1.3.0/stm32cubeide/plugins/com.st.stm32cube.ide.mcu.externaltools.gnu-tools-for-stm32.7-2018-q2-update.win32_1.0.0.201904181610/tools/bin/../lib/gcc/arm-none-eabi/7.3.1/../../../../arm-none-eabi/lib/thumb/v7-m\libc_nano.a(lib_a-memcpy-stub.o)
 .debug_frame   0x0000000000005308       0x20 c:/st/stm32cubeide_1.3.0/stm32cubeide/plugins/com.st.stm32cube.ide.mcu.externaltools.gnu-tools-for-stm32.7-2018-q2-update.win32_1.0.0.201904181610/tools/bin/../lib/gcc/arm-none-eabi/7.3.1/../../../../arm-none-eabi/lib/thumb/v7-m\libc_nano.a(lib_a-memset.o)
