stm32f1xx_it.c:77:6:NMI_Handler	4	static
stm32f1xx_it.c:90:6:HardFault_Handler	4	static
stm32f1xx_it.c:105:6:MemManage_Handler	4	static
stm32f1xx_it.c:120:6:BusFault_Handler	4	static
stm32f1xx_it.c:135:6:UsageFault_Handler	4	static
stm32f1xx_it.c:150:6:DebugMon_Handler	4	static
stm32f1xx_it.c:170:6:EXTI0_IRQHandler	8	static
stm32f1xx_it.c:184:6:EXTI3_IRQHandler	8	static
stm32f1xx_it.c:198:6:DMA1_Channel2_IRQHandler	8	static
stm32f1xx_it.c:212:6:DMA1_Channel3_IRQHandler	8	static
stm32f1xx_it.c:226:6:TIM1_BRK_IRQHandler	8	static
stm32f1xx_it.c:240:6:TIM1_UP_IRQHandler	8	static
stm32f1xx_it.c:254:6:TIM2_IRQHandler	8	static
stm32f1xx_it.c:268:6:SPI1_IRQHandler	8	static
